09-18 21:12:28 com_github_MitjaNemec_PlaceFootprints.action_place_footprints 674:Plugin executed on: 'win32'
09-18 21:12:28 com_github_MitjaNemec_PlaceFootprints.action_place_footprints 675:Plugin executed with python version: '3.11.5 (main, Jan 18 2026, 05:50:19) [MSC v.1944 64 bit (AMD64)]'
09-18 21:12:28 com_github_MitjaNemec_PlaceFootprints.action_place_footprints 676:KiCad build version: 9.0.9
09-18 21:12:28 com_github_MitjaNemec_PlaceFootprints.action_place_footprints 677:Plugin version: 4.0.1
09-18 21:12:28 com_github_MitjaNemec_PlaceFootprints.action_place_footprints 678:Frame repr: <wx._core.Frame object at 0x0000024D9A39F490>
09-18 21:12:28 com_github_MitjaNemec_PlaceFootprints.place_footprints 121:getting a list of all footprints on board
09-18 21:12:28 com_github_MitjaNemec_PlaceFootprints.place_footprints 156:Footprint J23 on root level
09-18 21:12:28 com_github_MitjaNemec_PlaceFootprints.place_footprints 156:Footprint DC_Fault2 on root level
09-18 21:12:28 com_github_MitjaNemec_PlaceFootprints.place_footprints 156:Footprint C36 on root level
09-18 21:12:28 com_github_MitjaNemec_PlaceFootprints.place_footprints 156:Footprint J6 on root level
09-18 21:12:28 com_github_MitjaNemec_PlaceFootprints.place_footprints 156:Footprint J7 on root level
09-18 21:12:28 com_github_MitjaNemec_PlaceFootprints.place_footprints 156:Footprint J5 on root level
09-18 21:12:28 com_github_MitjaNemec_PlaceFootprints.place_footprints 156:Footprint J25 on root level
09-18 21:12:28 com_github_MitjaNemec_PlaceFootprints.place_footprints 156:Footprint J1 on root level
09-18 21:12:28 com_github_MitjaNemec_PlaceFootprints.place_footprints 156:Footprint R21 on root level
09-18 21:12:28 com_github_MitjaNemec_PlaceFootprints.place_footprints 156:Footprint RN1 on root level
09-18 21:12:28 com_github_MitjaNemec_PlaceFootprints.place_footprints 156:Footprint R23 on root level
09-18 21:12:28 com_github_MitjaNemec_PlaceFootprints.place_footprints 156:Footprint MCU1 on root level
09-18 21:12:28 com_github_MitjaNemec_PlaceFootprints.place_footprints 156:Footprint J17 on root level
09-18 21:12:28 com_github_MitjaNemec_PlaceFootprints.place_footprints 156:Footprint 5V1 on root level
09-18 21:12:28 com_github_MitjaNemec_PlaceFootprints.place_footprints 156:Footprint U13 on root level
09-18 21:12:28 com_github_MitjaNemec_PlaceFootprints.place_footprints 156:Footprint DC_Fault1 on root level
09-18 21:12:28 com_github_MitjaNemec_PlaceFootprints.place_footprints 156:Footprint VCC1 on root level
09-18 21:12:28 com_github_MitjaNemec_PlaceFootprints.place_footprints 156:Footprint J24 on root level
09-18 21:12:28 com_github_MitjaNemec_PlaceFootprints.place_footprints 156:Footprint DC_Fault4 on root level
09-18 21:12:28 com_github_MitjaNemec_PlaceFootprints.place_footprints 156:Footprint R17 on root level
09-18 21:12:28 com_github_MitjaNemec_PlaceFootprints.place_footprints 156:Footprint RN2 on root level
09-18 21:12:28 com_github_MitjaNemec_PlaceFootprints.place_footprints 156:Footprint R6 on root level
09-18 21:12:28 com_github_MitjaNemec_PlaceFootprints.place_footprints 156:Footprint J4 on root level
09-18 21:12:28 com_github_MitjaNemec_PlaceFootprints.place_footprints 156:Footprint RN3 on root level
09-18 21:12:28 com_github_MitjaNemec_PlaceFootprints.place_footprints 156:Footprint 3V3 on root level
09-18 21:12:28 com_github_MitjaNemec_PlaceFootprints.place_footprints 156:Footprint TP3 on root level
09-18 21:12:28 com_github_MitjaNemec_PlaceFootprints.place_footprints 156:Footprint C38 on root level
09-18 21:12:28 com_github_MitjaNemec_PlaceFootprints.place_footprints 156:Footprint STEP_EN1 on root level
09-18 21:12:28 com_github_MitjaNemec_PlaceFootprints.place_footprints 156:Footprint TP1 on root level
09-18 21:12:28 com_github_MitjaNemec_PlaceFootprints.place_footprints 156:Footprint DC_Fault3 on root level
09-18 21:12:28 com_github_MitjaNemec_PlaceFootprints.place_footprints 156:Footprint TP2 on root level
09-18 21:12:28 com_github_MitjaNemec_PlaceFootprints.action_place_footprints 717:Reference footprint='R20'
09-18 21:12:29 com_github_MitjaNemec_PlaceFootprints.action_place_footprints 858:Reference designator is: R
09-18 21:12:29 com_github_MitjaNemec_PlaceFootprints.action_place_footprints 859:Reference number is: 20
09-18 21:12:29 com_github_MitjaNemec_PlaceFootprints.action_place_footprints 891:Sorted and filtered list:
['R20', 'R21']
09-18 21:12:30 com_github_MitjaNemec_PlaceFootprints.action_place_footprints 376:wx.Colour(240, 240, 240, 255)
