Archive member included to satisfy reference by file (symbol)

C:/msys64/mingw64/bin/../lib/gcc/arm-none-eabi/13.3.0/thumb/v7e-m+fp/hard\libgcc.a(_aeabi_ldivmod.o)
                              cmake/stm32cubemx/CMakeFiles/STM32_Drivers.dir/__/__/Drivers/STM32F4xx_HAL_Driver/Src/stm32f4xx_hal_rcc.c.obj (__aeabi_ldivmod)
C:/msys64/mingw64/bin/../lib/gcc/arm-none-eabi/13.3.0/thumb/v7e-m+fp/hard\libgcc.a(_aeabi_uldivmod.o)
                              cmake/stm32cubemx/CMakeFiles/STM32_Drivers.dir/__/__/Drivers/STM32F4xx_HAL_Driver/Src/stm32f4xx_hal_rcc.c.obj (__aeabi_uldivmod)
C:/msys64/mingw64/bin/../lib/gcc/arm-none-eabi/13.3.0/thumb/v7e-m+fp/hard\libgcc.a(_udivmoddi4.o)
                              C:/msys64/mingw64/bin/../lib/gcc/arm-none-eabi/13.3.0/thumb/v7e-m+fp/hard\libgcc.a(_aeabi_ldivmod.o) (__udivmoddi4)
C:/msys64/mingw64/bin/../lib/gcc/arm-none-eabi/13.3.0/thumb/v7e-m+fp/hard\libgcc.a(_dvmd_tls.o)
                              C:/msys64/mingw64/bin/../lib/gcc/arm-none-eabi/13.3.0/thumb/v7e-m+fp/hard\libgcc.a(_aeabi_ldivmod.o) (__aeabi_ldiv0)
C:/msys64/mingw64/bin/../lib/gcc/arm-none-eabi/13.3.0/../../../../arm-none-eabi/lib/thumb/v7e-m+fp/hard\libg_nano.a(libc_a-atexit.o)
                              C:/msys64/mingw64/bin/../lib/gcc/arm-none-eabi/13.3.0/../../../../arm-none-eabi/lib/thumb/v7e-m+fp/hard/crt0.o (atexit)
C:/msys64/mingw64/bin/../lib/gcc/arm-none-eabi/13.3.0/../../../../arm-none-eabi/lib/thumb/v7e-m+fp/hard\libg_nano.a(libc_a-exit.o)
                              C:/msys64/mingw64/bin/../lib/gcc/arm-none-eabi/13.3.0/../../../../arm-none-eabi/lib/thumb/v7e-m+fp/hard/crt0.o (exit)
C:/msys64/mingw64/bin/../lib/gcc/arm-none-eabi/13.3.0/../../../../arm-none-eabi/lib/thumb/v7e-m+fp/hard\libg_nano.a(libc_a-findfp.o)
                              C:/msys64/mingw64/bin/../lib/gcc/arm-none-eabi/13.3.0/../../../../arm-none-eabi/lib/thumb/v7e-m+fp/hard\libg_nano.a(libc_a-exit.o) (__stdio_exit_handler)
C:/msys64/mingw64/bin/../lib/gcc/arm-none-eabi/13.3.0/../../../../arm-none-eabi/lib/thumb/v7e-m+fp/hard\libg_nano.a(libc_a-fwalk.o)
                              C:/msys64/mingw64/bin/../lib/gcc/arm-none-eabi/13.3.0/../../../../arm-none-eabi/lib/thumb/v7e-m+fp/hard\libg_nano.a(libc_a-findfp.o) (_fwalk_sglue)
C:/msys64/mingw64/bin/../lib/gcc/arm-none-eabi/13.3.0/../../../../arm-none-eabi/lib/thumb/v7e-m+fp/hard\libg_nano.a(libc_a-stdio.o)
                              C:/msys64/mingw64/bin/../lib/gcc/arm-none-eabi/13.3.0/../../../../arm-none-eabi/lib/thumb/v7e-m+fp/hard\libg_nano.a(libc_a-findfp.o) (__sread)
C:/msys64/mingw64/bin/../lib/gcc/arm-none-eabi/13.3.0/../../../../arm-none-eabi/lib/thumb/v7e-m+fp/hard\libg_nano.a(libc_a-memset.o)
                              C:/msys64/mingw64/bin/../lib/gcc/arm-none-eabi/13.3.0/../../../../arm-none-eabi/lib/thumb/v7e-m+fp/hard/crt0.o (memset)
C:/msys64/mingw64/bin/../lib/gcc/arm-none-eabi/13.3.0/../../../../arm-none-eabi/lib/thumb/v7e-m+fp/hard\libg_nano.a(libc_a-closer.o)
                              C:/msys64/mingw64/bin/../lib/gcc/arm-none-eabi/13.3.0/../../../../arm-none-eabi/lib/thumb/v7e-m+fp/hard\libg_nano.a(libc_a-stdio.o) (_close_r)
C:/msys64/mingw64/bin/../lib/gcc/arm-none-eabi/13.3.0/../../../../arm-none-eabi/lib/thumb/v7e-m+fp/hard\libg_nano.a(libc_a-reent.o)
                              C:/msys64/mingw64/bin/../lib/gcc/arm-none-eabi/13.3.0/../../../../arm-none-eabi/lib/thumb/v7e-m+fp/hard\libg_nano.a(libc_a-closer.o) (errno)
C:/msys64/mingw64/bin/../lib/gcc/arm-none-eabi/13.3.0/../../../../arm-none-eabi/lib/thumb/v7e-m+fp/hard\libg_nano.a(libc_a-impure.o)
                              C:/msys64/mingw64/bin/../lib/gcc/arm-none-eabi/13.3.0/../../../../arm-none-eabi/lib/thumb/v7e-m+fp/hard\libg_nano.a(libc_a-reent.o) (_impure_ptr)
C:/msys64/mingw64/bin/../lib/gcc/arm-none-eabi/13.3.0/../../../../arm-none-eabi/lib/thumb/v7e-m+fp/hard\libg_nano.a(libc_a-lseekr.o)
                              C:/msys64/mingw64/bin/../lib/gcc/arm-none-eabi/13.3.0/../../../../arm-none-eabi/lib/thumb/v7e-m+fp/hard\libg_nano.a(libc_a-stdio.o) (_lseek_r)
C:/msys64/mingw64/bin/../lib/gcc/arm-none-eabi/13.3.0/../../../../arm-none-eabi/lib/thumb/v7e-m+fp/hard\libg_nano.a(libc_a-readr.o)
                              C:/msys64/mingw64/bin/../lib/gcc/arm-none-eabi/13.3.0/../../../../arm-none-eabi/lib/thumb/v7e-m+fp/hard\libg_nano.a(libc_a-stdio.o) (_read_r)
C:/msys64/mingw64/bin/../lib/gcc/arm-none-eabi/13.3.0/../../../../arm-none-eabi/lib/thumb/v7e-m+fp/hard\libg_nano.a(libc_a-writer.o)
                              C:/msys64/mingw64/bin/../lib/gcc/arm-none-eabi/13.3.0/../../../../arm-none-eabi/lib/thumb/v7e-m+fp/hard\libg_nano.a(libc_a-stdio.o) (_write_r)
C:/msys64/mingw64/bin/../lib/gcc/arm-none-eabi/13.3.0/../../../../arm-none-eabi/lib/thumb/v7e-m+fp/hard\libg_nano.a(libc_a-errno.o)
                              CMakeFiles/MM_control.dir/Core/Src/sysmem.c.obj (__errno)
[...]
Memory Configuration

Name             Origin             Length             Attributes
RAM              0x20000000         0x00020000         xrw
CCMRAM           0x10000000         0x00010000         xrw
FLASH            0x08000000         0x00080000         xr
*default*        0x00000000         0xffffffff

Linker script and memory map

LOAD C:/msys64/mingw64/bin/../lib/gcc/arm-none-eabi/13.3.0/thumb/v7e-m+fp/hard/crti.o
LOAD C:/msys64/mingw64/bin/../lib/gcc/arm-none-eabi/13.3.0/thumb/v7e-m+fp/hard/crtbegin.o
LOAD C:/msys64/mingw64/bin/../lib/gcc/arm-none-eabi/13.3.0/../../../../arm-none-eabi/lib/thumb/v7e-m+fp/hard/crt0.o
LOAD cmake/stm32cubemx/CMakeFiles/STM32_Drivers.dir/__/__/Core/Src/system_stm32f4xx.c.obj
LOAD cmake/stm32cubemx/CMakeFiles/STM32_Drivers.dir/__/__/Drivers/STM32F4xx_HAL_Driver/Src/stm32f4xx_hal_tim.c.obj
LOAD cmake/stm32cubemx/CMakeFiles/STM32_Drivers.dir/__/__/Drivers/STM32F4xx_HAL_Driver/Src/stm32f4xx_hal_tim_ex.c.obj
LOAD cmake/stm32cubemx/CMakeFiles/STM32_Drivers.dir/__/__/Drivers/STM32F4xx_HAL_Driver/Src/stm32f4xx_hal_pcd.c.obj
LOAD cmake/stm32cubemx/CMakeFiles/STM32_Drivers.dir/__/__/Drivers/STM32F4xx_HAL_Driver/Src/stm32f4xx_hal_pcd_ex.c.obj
LOAD cmake/stm32cubemx/CMakeFiles/STM32_Drivers.dir/__/__/Drivers/STM32F4xx_HAL_Driver/Src/stm32f4xx_ll_usb.c.obj
LOAD cmake/stm32cubemx/CMakeFiles/STM32_Drivers.dir/__/__/Drivers/STM32F4xx_HAL_Driver/Src/stm32f4xx_hal_rcc.c.obj
LOAD cmake/stm32cubemx/CMakeFiles/STM32_Drivers.dir/__/__/Drivers/STM32F4xx_HAL_Driver/Src/stm32f4xx_hal_rcc_ex.c.obj
LOAD cmake/stm32cubemx/CMakeFiles/STM32_Drivers.dir/__/__/Drivers/STM32F4xx_HAL_Driver/Src/stm32f4xx_hal_flash.c.obj
LOAD cmake/stm32cubemx/CMakeFiles/STM32_Drivers.dir/__/__/Drivers/STM32F4xx_HAL_Driver/Src/stm32f4xx_hal_flash_ex.c.obj
LOAD cmake/stm32cubemx/CMakeFiles/STM32_Drivers.dir/__/__/Drivers/STM32F4xx_HAL_Driver/Src/stm32f4xx_hal_flash_ramfunc.c.obj
LOAD cmake/stm32cubemx/CMakeFiles/STM32_Drivers.dir/__/__/Drivers/STM32F4xx_HAL_Driver/Src/stm32f4xx_hal_gpio.c.obj
LOAD cmake/stm32cubemx/CMakeFiles/STM32_Drivers.dir/__/__/Drivers/STM32F4xx_HAL_Driver/Src/stm32f4xx_hal_dma_ex.c.obj
LOAD cmake/stm32cubemx/CMakeFiles/STM32_Drivers.dir/__/__/Drivers/STM32F4xx_HAL_Driver/Src/stm32f4xx_hal_dma.c.obj
LOAD cmake/stm32cubemx/CMakeFiles/STM32_Drivers.dir/__/__/Drivers/STM32F4xx_HAL_Driver/Src/stm32f4xx_hal_pwr.c.obj
LOAD cmake/stm32cubemx/CMakeFiles/STM32_Drivers.dir/__/__/Drivers/STM32F4xx_HAL_Driver/Src/stm32f4xx_hal_pwr_ex.c.obj
LOAD cmake/stm32cubemx/CMakeFiles/STM32_Drivers.dir/__/__/Drivers/STM32F4xx_HAL_Driver/Src/stm32f4xx_hal_cortex.c.obj
LOAD cmake/stm32cubemx/CMakeFiles/STM32_Drivers.dir/__/__/Drivers/STM32F4xx_HAL_Driver/Src/stm32f4xx_hal.c.obj
LOAD cmake/stm32cubemx/CMakeFiles/STM32_Drivers.dir/__/__/Drivers/STM32F4xx_HAL_Driver/Src/stm32f4xx_hal_exti.c.obj
LOAD cmake/stm32cubemx/CMakeFiles/STM32_Drivers.dir/__/__/Drivers/STM32F4xx_HAL_Driver/Src/stm32f4xx_hal_can.c.obj
LOAD cmake/stm32cubemx/CMakeFiles/STM32_Drivers.dir/__/__/Drivers/STM32F4xx_HAL_Driver/Src/stm32f4xx_hal_i2c.c.obj
LOAD cmake/stm32cubemx/CMakeFiles/STM32_Drivers.dir/__/__/Drivers/STM32F4xx_HAL_Driver/Src/stm32f4xx_hal_i2c_ex.c.obj
LOAD cmake/stm32cubemx/CMakeFiles/STM32_Drivers.dir/__/__/Drivers/STM32F4xx_HAL_Driver/Src/stm32f4xx_hal_spi.c.obj
LOAD cmake/stm32cubemx/CMakeFiles/STM32_Drivers.dir/__/__/Drivers/STM32F4xx_HAL_Driver/Src/stm32f4xx_hal_uart.c.obj
LOAD cmake/stm32cubemx/CMakeFiles/USB_Device_Library.dir/__/__/Middlewares/ST/STM32_USB_Device_Library/Core/Src/usbd_core.c.obj
LOAD cmake/stm32cubemx/CMakeFiles/USB_Device_Library.dir/__/__/Middlewares/ST/STM32_USB_Device_Library/Core/Src/usbd_ctlreq.c.obj
LOAD cmake/stm32cubemx/CMakeFiles/USB_Device_Library.dir/__/__/Middlewares/ST/STM32_USB_Device_Library/Core/Src/usbd_ioreq.c.obj
LOAD cmake/stm32cubemx/CMakeFiles/USB_Device_Library.dir/__/__/Middlewares/ST/STM32_USB_Device_Library/Class/CDC/Src/usbd_cdc.c.obj
LOAD cmake/stm32cubemx/CMakeFiles/FreeRTOS.dir/__/__/Middlewares/Third_Party/FreeRTOS/Source/croutine.c.obj
LOAD cmake/stm32cubemx/CMakeFiles/FreeRTOS.dir/__/__/Middlewares/Third_Party/FreeRTOS/Source/event_groups.c.obj
LOAD cmake/stm32cubemx/CMakeFiles/FreeRTOS.dir/__/__/Middlewares/Third_Party/FreeRTOS/Source/list.c.obj
LOAD cmake/stm32cubemx/CMakeFiles/FreeRTOS.dir/__/__/Middlewares/Third_Party/FreeRTOS/Source/queue.c.obj
LOAD cmake/stm32cubemx/CMakeFiles/FreeRTOS.dir/__/__/Middlewares/Third_Party/FreeRTOS/Source/stream_buffer.c.obj
LOAD cmake/stm32cubemx/CMakeFiles/FreeRTOS.dir/__/__/Middlewares/Third_Party/FreeRTOS/Source/tasks.c.obj
LOAD cmake/stm32cubemx/CMakeFiles/FreeRTOS.dir/__/__/Middlewares/Third_Party/FreeRTOS/Source/timers.c.obj
LOAD cmake/stm32cubemx/CMakeFiles/FreeRTOS.dir/__/__/Middlewares/Third_Party/FreeRTOS/Source/CMSIS_RTOS_V2/cmsis_os2.c.obj
LOAD cmake/stm32cubemx/CMakeFiles/FreeRTOS.dir/__/__/Middlewares/Third_Party/FreeRTOS/Source/portable/MemMang/heap_4.c.obj
LOAD cmake/stm32cubemx/CMakeFiles/FreeRTOS.dir/__/__/Middlewares/Third_Party/FreeRTOS/Source/portable/GCC/ARM_CM4F/port.c.obj
LOAD CMakeFiles/MM_control.dir/USB_DEVICE/Target/usbd_conf.c.obj
LOAD CMakeFiles/MM_control.dir/USB_DEVICE/App/usb_device.c.obj
LOAD CMakeFiles/MM_control.dir/USB_DEVICE/App/usbd_desc.c.obj
LOAD CMakeFiles/MM_control.dir/USB_DEVICE/App/usbd_cdc_if.c.obj
LOAD CMakeFiles/MM_control.dir/Core/Src/main.c.obj
LOAD CMakeFiles/MM_control.dir/Core/Src/gpio.c.obj
LOAD CMakeFiles/MM_control.dir/Core/Src/freertos.c.obj
LOAD CMakeFiles/MM_control.dir/Core/Src/can.c.obj
LOAD CMakeFiles/MM_control.dir/Core/Src/i2c.c.obj
LOAD CMakeFiles/MM_control.dir/Core/Src/spi.c.obj
LOAD CMakeFiles/MM_control.dir/Core/Src/tim.c.obj
LOAD CMakeFiles/MM_control.dir/Core/Src/usart.c.obj
LOAD CMakeFiles/MM_control.dir/Core/Src/stm32f4xx_it.c.obj
LOAD CMakeFiles/MM_control.dir/Core/Src/stm32f4xx_hal_msp.c.obj
LOAD CMakeFiles/MM_control.dir/Core/Src/stm32f4xx_hal_timebase_tim.c.obj
LOAD CMakeFiles/MM_control.dir/Core/Src/sysmem.c.obj
LOAD CMakeFiles/MM_control.dir/Core/Src/syscalls.c.obj
LOAD CMakeFiles/MM_control.dir/startup_stm32f407xx.s.obj
LOAD CMakeFiles/MM_control.dir/Core/Src/cdc_proto.c.obj
LOAD C:/msys64/mingw64/bin/../lib/gcc/arm-none-eabi/13.3.0/../../../../arm-none-eabi/lib/thumb/v7e-m+fp/hard\libm.a
START GROUP
LOAD C:/msys64/mingw64/bin/../lib/gcc/arm-none-eabi/13.3.0/thumb/v7e-m+fp/hard\libgcc.a
LOAD C:/msys64/mingw64/bin/../lib/gcc/arm-none-eabi/13.3.0/../../../../arm-none-eabi/lib/thumb/v7e-m+fp/hard\libg_nano.a
LOAD C:/msys64/mingw64/bin/../lib/gcc/arm-none-eabi/13.3.0/../../../../arm-none-eabi/lib/thumb/v7e-m+fp/hard\libc_nano.a
END GROUP
START GROUP
LOAD C:/msys64/mingw64/bin/../lib/gcc/arm-none-eabi/13.3.0/thumb/v7e-m+fp/hard\libgcc.a
LOAD C:/msys64/mingw64/bin/../lib/gcc/arm-none-eabi/13.3.0/../../../../arm-none-eabi/lib/thumb/v7e-m+fp/hard\libc_nano.a
END GROUP
LOAD C:/msys64/mingw64/bin/../lib/gcc/arm-none-eabi/13.3.0/thumb/v7e-m+fp/hard/crtend.o
LOAD C:/msys64/mingw64/bin/../lib/gcc/arm-none-eabi/13.3.0/thumb/v7e-m+fp/hard/crtn.o
                0x20020000                        _estack = (ORIGIN (RAM) + LENGTH (RAM))
                0x2001fc00                        _sstack = (_estack - _Min_Stack_Size)
                0x00000200                        _Min_Heap_Size = 0x200
                0x00000400                        _Min_Stack_Size = 0x400

.isr_vector     0x08000000      0x188
                0x08000000                        . = ALIGN (0x4)
 *(.isr_vector)
 .isr_vector    0x08000000      0x188 CMakeFiles/MM_control.dir/startup_stm32f407xx.s.obj
                0x08000000                g_pfnVectors
                0x08000188                        . = ALIGN (0x4)

.text           0x080001c0     0x7808
                0x080001c0                        . = ALIGN (0x4)
 *(.text)
 .text          0x080001c0       0x30 C:/msys64/mingw64/bin/../lib/gcc/arm-none-eabi/13.3.0/thumb/v7e-m+fp/hard\libgcc.a(_aeabi_uldivmod.o)
                0x080001c0                __aeabi_uldivmod
 .text          0x080001f0        0x4 C:/msys64/mingw64/bin/../lib/gcc/arm-none-eabi/13.3.0/thumb/v7e-m+fp/hard\libgcc.a(_dvmd_tls.o)
                0x080001f0                __aeabi_idiv0
                0x080001f0                __aeabi_ldiv0
 .text          0x080001f4       0xa4 C:/msys64/mingw64/bin/../lib/gcc/arm-none-eabi/13.3.0/../../../../arm-none-eabi/lib/thumb/v7e-m+fp/hard\libg_nano.a(libc_a-memset.o)
                0x080001f4                memset
 .text          0x08000298       0x50 C:/msys64/mingw64/bin/../lib/gcc/arm-none-eabi/13.3.0/../../../../arm-none-eabi/lib/thumb/v7e-m+fp/hard\libg_nano.a(libc_a-init.o)
                0x08000298                __libc_init_array
 .text          0x080002e8      0x134 C:/msys64/mingw64/bin/../lib/gcc/arm-none-eabi/13.3.0/../../../../arm-none-eabi/lib/thumb/v7e-m+fp/hard\libg_nano.a(libc_a-memcpy.o)
                0x080002e8                memcpy
 *fill*         0x0800041c       0x24 
 .text          0x08000440       0xd8 C:/msys64/mingw64/bin/../lib/gcc/arm-none-eabi/13.3.0/../../../../arm-none-eabi/lib/thumb/v7e-m+fp/hard\libg_nano.a(libc_a-strlen.o)
                0x08000440                strlen
 *(.text*)
 .text.__do_global_dtors_aux
                0x08000518       0x24 C:/msys64/mingw64/bin/../lib/gcc/arm-none-eabi/13.3.0/thumb/v7e-m+fp/hard/crtbegin.o
 .text.frame_dummy
                0x0800053c       0x1c C:/msys64/mingw64/bin/../lib/gcc/arm-none-eabi/13.3.0/thumb/v7e-m+fp/hard/crtbegin.o
 .text.SystemInit
                0x08000558       0x14 cmake/stm32cubemx/CMakeFiles/STM32_Drivers.dir/__/__/Core/Src/system_stm32f4xx.c.obj
                0x08000558                SystemInit
 .text.TIM_OC1_SetConfig
                0x0800056c       0x58 cmake/stm32cubemx/CMakeFiles/STM32_Drivers.dir/__/__/Drivers/STM32F4xx_HAL_Driver/Src/stm32f4xx_hal_tim.c.obj
 .text.TIM_OC3_SetConfig
                0x080005c4       0x5c cmake/stm32cubemx/CMakeFiles/STM32_Drivers.dir/__/__/Drivers/STM32F4xx_HAL_Driver/Src/stm32f4xx_hal_tim.c.obj
 .text.TIM_OC4_SetConfig
                0x08000620       0x4c cmake/stm32cubemx/CMakeFiles/STM32_Drivers.dir/__/__/Drivers/STM32F4xx_HAL_Driver/Src/stm32f4xx_hal_tim.c.obj
 .text.HAL_TIM_Base_MspInit
                0x0800066c        0x2 cmake/stm32cubemx/CMakeFiles/STM32_Drivers.dir/__/__/Drivers/STM32F4xx_HAL_Driver/Src/stm32f4xx_hal_tim.c.obj
                0x0800066c                HAL_TIM_Base_MspInit
 *fill*         0x0800066e        0x2 
 .text.HAL_TIM_Base_Start_IT
                0x08000670       0x74 cmake/stm32cubemx/CMakeFiles/STM32_Drivers.dir/__/__/Drivers/STM32F4xx_HAL_Driver/Src/stm32f4xx_hal_tim.c.obj
                0x08000670                HAL_TIM_Base_Start_IT
 .text.HAL_TIM_OC_DelayElapsedCallback
                0x080006e4        0x2 cmake/stm32cubemx/CMakeFiles/STM32_Drivers.dir/__/__/Drivers/STM32F4xx_HAL_Driver/Src/stm32f4xx_hal_tim.c.obj
                0x080006e4                HAL_TIM_OC_DelayElapsedCallback
 .text.HAL_TIM_IC_CaptureCallback
                0x080006e6        0x2 cmake/stm32cubemx/CMakeFiles/STM32_Drivers.dir/__/__/Drivers/STM32F4xx_HAL_Driver/Src/stm32f4xx_hal_tim.c.obj
                0x080006e6                HAL_TIM_IC_CaptureCallback
 .text.HAL_TIM_PWM_PulseFinishedCallback
                0x080006e8        0x2 cmake/stm32cubemx/CMakeFiles/STM32_Drivers.dir/__/__/Drivers/STM32F4xx_HAL_Driver/Src/stm32f4xx_hal_tim.c.obj
                0x080006e8                HAL_TIM_PWM_PulseFinishedCallback
 .text.HAL_TIM_TriggerCallback
                0x080006ea        0x2 cmake/stm32cubemx/CMakeFiles/STM32_Drivers.dir/__/__/Drivers/STM32F4xx_HAL_Driver/Src/stm32f4xx_hal_tim.c.obj
                0x080006ea                HAL_TIM_TriggerCallback
 .text.HAL_TIM_IRQHandler
                0x080006ec      0x128 cmake/stm32cubemx/CMakeFiles/STM32_Drivers.dir/__/__/Drivers/STM32F4xx_HAL_Driver/Src/stm32f4xx_hal_tim.c.obj
                0x080006ec                HAL_TIM_IRQHandler
 .text.TIM_Base_SetConfig
                0x08000814       0xa8 cmake/stm32cubemx/CMakeFiles/STM32_Drivers.dir/__/__/Drivers/STM32F4xx_HAL_Driver/Src/stm32f4xx_hal_tim.c.obj
                0x08000814                TIM_Base_SetConfig
 .text.HAL_TIM_Base_Init
                0x080008bc       0x58 cmake/stm32cubemx/CMakeFiles/STM32_Drivers.dir/__/__/Drivers/STM32F4xx_HAL_Driver/Src/stm32f4xx_hal_tim.c.obj
                0x080008bc                HAL_TIM_Base_Init
 .text.HAL_TIM_PWM_Init
                0x08000914       0x58 cmake/stm32cubemx/CMakeFiles/STM32_Drivers.dir/__/__/Drivers/STM32F4xx_HAL_Driver/Src/stm32f4xx_hal_tim.c.obj
                0x08000914                HAL_TIM_PWM_Init
 .text.TIM_OC2_SetConfig
                0x0800096c       0x60 cmake/stm32cubemx/CMakeFiles/STM32_Drivers.dir/__/__/Drivers/STM32F4xx_HAL_Driver/Src/stm32f4xx_hal_tim.c.obj
                0x0800096c                TIM_OC2_SetConfig
 .text.HAL_TIM_PWM_ConfigChannel
                0x080009cc       0xb0 cmake/stm32cubemx/CMakeFiles/STM32_Drivers.dir/__/__/Drivers/STM32F4xx_HAL_Driver/Src/stm32f4xx_hal_tim.c.obj
                0x080009cc                HAL_TIM_PWM_ConfigChannel
 .text.HAL_TIMEx_MasterConfigSynchronization
                0x08000a7c       0x7c cmake/stm32cubemx/CMakeFiles/STM32_Drivers.dir/__/__/Drivers/STM32F4xx_HAL_Driver/Src/stm32f4xx_hal_tim_ex.c.obj
                0x08000a7c                HAL_TIMEx_MasterConfigSynchronization
 .text.HAL_TIMEx_ConfigBreakDeadTime
                0x08000af8       0x4c cmake/stm32cubemx/CMakeFiles/STM32_Drivers.dir/__/__/Drivers/STM32F4xx_HAL_Driver/Src/stm32f4xx_hal_tim_ex.c.obj
                0x08000af8                HAL_TIMEx_ConfigBreakDeadTime
 .text.HAL_TIMEx_CommutCallback
                0x08000b44        0x2 cmake/stm32cubemx/CMakeFiles/STM32_Drivers.dir/__/__/Drivers/STM32F4xx_HAL_Driver/Src/stm32f4xx_hal_tim_ex.c.obj
                0x08000b44                HAL_TIMEx_CommutCallback
 .text.HAL_TIMEx_BreakCallback
                0x08000b46        0x2 cmake/stm32cubemx/CMakeFiles/STM32_Drivers.dir/__/__/Drivers/STM32F4xx_HAL_Driver/Src/stm32f4xx_hal_tim_ex.c.obj
                0x08000b46                HAL_TIMEx_BreakCallback
 .text.HAL_PCD_Init
                0x08000b48       0xde cmake/stm32cubemx/CMakeFiles/STM32_Drivers.dir/__/__/Drivers/STM32F4xx_HAL_Driver/Src/stm32f4xx_hal_pcd.c.obj
                0x08000b48                HAL_PCD_Init
 .text.HAL_PCD_Start
                0x08000c26       0x3e cmake/stm32cubemx/CMakeFiles/STM32_Drivers.dir/__/__/Drivers/STM32F4xx_HAL_Driver/Src/stm32f4xx_hal_pcd.c.obj
                0x08000c26                HAL_PCD_Start
 .text.HAL_PCD_SetAddress
                0x08000c64       0x26 cmake/stm32cubemx/CMakeFiles/STM32_Drivers.dir/__/__/Drivers/STM32F4xx_HAL_Driver/Src/stm32f4xx_hal_pcd.c.obj
                0x08000c64                HAL_PCD_SetAddress
 .text.HAL_PCD_EP_Open
                0x08000c8a       0x72 cmake/stm32cubemx/CMakeFiles/STM32_Drivers.dir/__/__/Drivers/STM32F4xx_HAL_Driver/Src/stm32f4xx_hal_pcd.c.obj
                0x08000c8a                HAL_PCD_EP_Open
 .text.HAL_PCD_EP_Close
                0x08000cfc       0x5c cmake/stm32cubemx/CMakeFiles/STM32_Drivers.dir/__/__/Drivers/STM32F4xx_HAL_Driver/Src/stm32f4xx_hal_pcd.c.obj
                0x08000cfc                HAL_PCD_EP_Close
 .text.HAL_PCD_EP_Receive
                0x08000d58       0x3c cmake/stm32cubemx/CMakeFiles/STM32_Drivers.dir/__/__/Drivers/STM32F4xx_HAL_Driver/Src/stm32f4xx_hal_pcd.c.obj
                0x08000d58                HAL_PCD_EP_Receive
 .text.HAL_PCD_EP_GetRxCount
                0x08000d94       0x10 cmake/stm32cubemx/CMakeFiles/STM32_Drivers.dir/__/__/Drivers/STM32F4xx_HAL_Driver/Src/stm32f4xx_hal_pcd.c.obj
                0x08000d94                HAL_PCD_EP_GetRxCount
 .text.HAL_PCD_EP_Transmit
                0x08000da4       0x36 cmake/stm32cubemx/CMakeFiles/STM32_Drivers.dir/__/__/Drivers/STM32F4xx_HAL_Driver/Src/stm32f4xx_hal_pcd.c.obj
                0x08000da4                HAL_PCD_EP_Transmit
 .text.HAL_PCD_EP_SetStall
                0x08000dda       0x6e cmake/stm32cubemx/CMakeFiles/STM32_Drivers.dir/__/__/Drivers/STM32F4xx_HAL_Driver/Src/stm32f4xx_hal_pcd.c.obj
                0x08000dda                HAL_PCD_EP_SetStall
 .text.HAL_PCD_EP_ClrStall
                0x08000e48       0x6a cmake/stm32cubemx/CMakeFiles/STM32_Drivers.dir/__/__/Drivers/STM32F4xx_HAL_Driver/Src/stm32f4xx_hal_pcd.c.obj
                0x08000e48                HAL_PCD_EP_ClrStall
 .text.HAL_PCD_EP_Abort
                0x08000eb2       0x20 cmake/stm32cubemx/CMakeFiles/STM32_Drivers.dir/__/__/Drivers/STM32F4xx_HAL_Driver/Src/stm32f4xx_hal_pcd.c.obj
                0x08000eb2                HAL_PCD_EP_Abort
 *fill*         0x08000ed2        0x2 
 .text.HAL_PCD_IRQHandler
                0x08000ed4      0x690 cmake/stm32cubemx/CMakeFiles/STM32_Drivers.dir/__/__/Drivers/STM32F4xx_HAL_Driver/Src/stm32f4xx_hal_pcd.c.obj
                0x08000ed4                HAL_PCD_IRQHandler
 .text.HAL_PCDEx_SetTxFiFo
                0x08001564       0x3e cmake/stm32cubemx/CMakeFiles/STM32_Drivers.dir/__/__/Drivers/STM32F4xx_HAL_Driver/Src/stm32f4xx_hal_pcd_ex.c.obj
                0x08001564                HAL_PCDEx_SetTxFiFo
 .text.HAL_PCDEx_SetRxFiFo
                0x080015a2        0x8 cmake/stm32cubemx/CMakeFiles/STM32_Drivers.dir/__/__/Drivers/STM32F4xx_HAL_Driver/Src/stm32f4xx_hal_pcd_ex.c.obj
                0x080015a2                HAL_PCDEx_SetRxFiFo
 .text.HAL_PCDEx_LPM_Callback
                0x080015aa        0x2 cmake/stm32cubemx/CMakeFiles/STM32_Drivers.dir/__/__/Drivers/STM32F4xx_HAL_Driver/Src/stm32f4xx_hal_pcd_ex.c.obj
                0x080015aa                HAL_PCDEx_LPM_Callback
 .text.USB_CoreReset
                0x080015ac       0x50 cmake/stm32cubemx/CMakeFiles/STM32_Drivers.dir/__/__/Drivers/STM32F4xx_HAL_Driver/Src/stm32f4xx_ll_usb.c.obj
 .text.USB_CoreInit
                0x080015fc       0x88 cmake/stm32cubemx/CMakeFiles/STM32_Drivers.dir/__/__/Drivers/STM32F4xx_HAL_Driver/Src/stm32f4xx_ll_usb.c.obj
                0x080015fc                USB_CoreInit
 .text.USB_SetTurnaroundTime
                0x08001684       0xe0 cmake/stm32cubemx/CMakeFiles/STM32_Drivers.dir/__/__/Drivers/STM32F4xx_HAL_Driver/Src/stm32f4xx_ll_usb.c.obj
                0x08001684                USB_SetTurnaroundTime
 .text.USB_EnableGlobalInt
                0x08001764        0xc cmake/stm32cubemx/CMakeFiles/STM32_Drivers.dir/__/__/Drivers/STM32F4xx_HAL_Driver/Src/stm32f4xx_ll_usb.c.obj
                0x08001764                USB_EnableGlobalInt
 .text.USB_DisableGlobalInt
                0x08001770        0xc cmake/stm32cubemx/CMakeFiles/STM32_Drivers.dir/__/__/Drivers/STM32F4xx_HAL_Driver/Src/stm32f4xx_ll_usb.c.obj
                0x08001770                USB_DisableGlobalInt
 .text.USB_SetCurrentMode
                0x0800177c       0x60 cmake/stm32cubemx/CMakeFiles/STM32_Drivers.dir/__/__/Drivers/STM32F4xx_HAL_Driver/Src/stm32f4xx_ll_usb.c.obj
                0x0800177c                USB_SetCurrentMode
 .text.USB_FlushTxFifo
                0x080017dc       0x46 cmake/stm32cubemx/CMakeFiles/STM32_Drivers.dir/__/__/Drivers/STM32F4xx_HAL_Driver/Src/stm32f4xx_ll_usb.c.obj
                0x080017dc                USB_FlushTxFifo
 .text.USB_FlushRxFifo
                0x08001822       0x42 cmake/stm32cubemx/CMakeFiles/STM32_Drivers.dir/__/__/Drivers/STM32F4xx_HAL_Driver/Src/stm32f4xx_ll_usb.c.obj
                0x08001822                USB_FlushRxFifo
 .text.USB_SetDevSpeed
                0x08001864        0xe cmake/stm32cubemx/CMakeFiles/STM32_Drivers.dir/__/__/Drivers/STM32F4xx_HAL_Driver/Src/stm32f4xx_ll_usb.c.obj
                0x08001864                USB_SetDevSpeed
 *fill*         0x08001872        0x2 
 .text.USB_DevInit
                0x08001874      0x174 cmake/stm32cubemx/CMakeFiles/STM32_Drivers.dir/__/__/Drivers/STM32F4xx_HAL_Driver/Src/stm32f4xx_ll_usb.c.obj
                0x08001874                USB_DevInit
 .text.USB_GetDevSpeed
                0x080019e8       0x16 cmake/stm32cubemx/CMakeFiles/STM32_Drivers.dir/__/__/Drivers/STM32F4xx_HAL_Driver/Src/stm32f4xx_ll_usb.c.obj
                0x080019e8                USB_GetDevSpeed
 .text.USB_ActivateEndpoint
                0x080019fe       0x7e cmake/stm32cubemx/CMakeFiles/STM32_Drivers.dir/__/__/Drivers/STM32F4xx_HAL_Driver/Src/stm32f4xx_ll_usb.c.obj
                0x080019fe                USB_ActivateEndpoint
 .text.USB_DeactivateEndpoint
                0x08001a7c       0xac cmake/stm32cubemx/CMakeFiles/STM32_Drivers.dir/__/__/Drivers/STM32F4xx_HAL_Driver/Src/stm32f4xx_ll_usb.c.obj
                0x08001a7c                USB_DeactivateEndpoint
 .text.USB_EPStopXfer
                0x08001b28       0x84 cmake/stm32cubemx/CMakeFiles/STM32_Drivers.dir/__/__/Drivers/STM32F4xx_HAL_Driver/Src/stm32f4xx_ll_usb.c.obj
                0x08001b28                USB_EPStopXfer
 .text.USB_WritePacket
                0x08001bac       0x26 cmake/stm32cubemx/CMakeFiles/STM32_Drivers.dir/__/__/Drivers/STM32F4xx_HAL_Driver/Src/stm32f4xx_ll_usb.c.obj
                0x08001bac                USB_WritePacket
 *fill*         0x08001bd2        0x2 
 .text.USB_EPStartXfer
                0x08001bd4      0x204 cmake/stm32cubemx/CMakeFiles/STM32_Drivers.dir/__/__/Drivers/STM32F4xx_HAL_Driver/Src/stm32f4xx_ll_usb.c.obj
                0x08001bd4                USB_EPStartXfer
 .text.USB_ReadPacket
                0x08001dd8       0x40 cmake/stm32cubemx/CMakeFiles/STM32_Drivers.dir/__/__/Drivers/STM32F4xx_HAL_Driver/Src/stm32f4xx_ll_usb.c.obj
                0x08001dd8                USB_ReadPacket
 .text.USB_EPSetStall
                0x08001e18       0x56 cmake/stm32cubemx/CMakeFiles/STM32_Drivers.dir/__/__/Drivers/STM32F4xx_HAL_Driver/Src/stm32f4xx_ll_usb.c.obj
                0x08001e18                USB_EPSetStall
 .text.USB_EPClearStall
                0x08001e6e       0x52 cmake/stm32cubemx/CMakeFiles/STM32_Drivers.dir/__/__/Drivers/STM32F4xx_HAL_Driver/Src/stm32f4xx_ll_usb.c.obj
                0x08001e6e                USB_EPClearStall
 .text.USB_SetDevAddress
                0x08001ec0       0x20 cmake/stm32cubemx/CMakeFiles/STM32_Drivers.dir/__/__/Drivers/STM32F4xx_HAL_Driver/Src/stm32f4xx_ll_usb.c.obj
                0x08001ec0                USB_SetDevAddress
 .text.USB_DevConnect
                0x08001ee0       0x1c cmake/stm32cubemx/CMakeFiles/STM32_Drivers.dir/__/__/Drivers/STM32F4xx_HAL_Driver/Src/stm32f4xx_ll_usb.c.obj
                0x08001ee0                USB_DevConnect
 .text.USB_DevDisconnect
                0x08001efc       0x1c cmake/stm32cubemx/CMakeFiles/STM32_Drivers.dir/__/__/Drivers/STM32F4xx_HAL_Driver/Src/stm32f4xx_ll_usb.c.obj
                0x08001efc                USB_DevDisconnect
 .text.USB_ReadInterrupts
                0x08001f18        0x8 cmake/stm32cubemx/CMakeFiles/STM32_Drivers.dir/__/__/Drivers/STM32F4xx_HAL_Driver/Src/stm32f4xx_ll_usb.c.obj
                0x08001f18                USB_ReadInterrupts
 .text.USB_ReadDevAllOutEpInterrupt
                0x08001f20       0x10 cmake/stm32cubemx/CMakeFiles/STM32_Drivers.dir/__/__/Drivers/STM32F4xx_HAL_Driver/Src/stm32f4xx_ll_usb.c.obj
                0x08001f20                USB_ReadDevAllOutEpInterrupt
 .text.USB_ReadDevAllInEpInterrupt
                0x08001f30       0x10 cmake/stm32cubemx/CMakeFiles/STM32_Drivers.dir/__/__/Drivers/STM32F4xx_HAL_Driver/Src/stm32f4xx_ll_usb.c.obj
                0x08001f30                USB_ReadDevAllInEpInterrupt
 .text.USB_ReadDevOutEPInterrupt
                0x08001f40       0x12 cmake/stm32cubemx/CMakeFiles/STM32_Drivers.dir/__/__/Drivers/STM32F4xx_HAL_Driver/Src/stm32f4xx_ll_usb.c.obj
                0x08001f40                USB_ReadDevOutEPInterrupt
 .text.USB_ReadDevInEPInterrupt
                0x08001f52       0x22 cmake/stm32cubemx/CMakeFiles/STM32_Drivers.dir/__/__/Drivers/STM32F4xx_HAL_Driver/Src/stm32f4xx_ll_usb.c.obj
                0x08001f52                USB_ReadDevInEPInterrupt
 .text.USB_GetMode
                0x08001f74        0x8 cmake/stm32cubemx/CMakeFiles/STM32_Drivers.dir/__/__/Drivers/STM32F4xx_HAL_Driver/Src/stm32f4xx_ll_usb.c.obj
                0x08001f74                USB_GetMode
 .text.USB_ActivateSetup
                0x08001f7c       0x1c cmake/stm32cubemx/CMakeFiles/STM32_Drivers.dir/__/__/Drivers/STM32F4xx_HAL_Driver/Src/stm32f4xx_ll_usb.c.obj
                0x08001f7c                USB_ActivateSetup
 .text.USB_EP0_OutStart
                0x08001f98       0x4c cmake/stm32cubemx/CMakeFiles/STM32_Drivers.dir/__/__/Drivers/STM32F4xx_HAL_Driver/Src/stm32f4xx_ll_usb.c.obj
                0x08001f98                USB_EP0_OutStart
 .text.HAL_RCC_OscConfig
                0x08001fe4      0x35c cmake/stm32cubemx/CMakeFiles/STM32_Drivers.dir/__/__/Drivers/STM32F4xx_HAL_Driver/Src/stm32f4xx_hal_rcc.c.obj
                0x08001fe4                HAL_RCC_OscConfig
 .text.HAL_RCC_GetSysClockFreq
                0x08002340       0x5c cmake/stm32cubemx/CMakeFiles/STM32_Drivers.dir/__/__/Drivers/STM32F4xx_HAL_Driver/Src/stm32f4xx_hal_rcc.c.obj
                0x08002340                HAL_RCC_GetSysClockFreq
 .text.HAL_RCC_ClockConfig
                0x0800239c      0x134 cmake/stm32cubemx/CMakeFiles/STM32_Drivers.dir/__/__/Drivers/STM32F4xx_HAL_Driver/Src/stm32f4xx_hal_rcc.c.obj
                0x0800239c                HAL_RCC_ClockConfig
 .text.HAL_RCC_GetHCLKFreq
                0x080024d0        0xc cmake/stm32cubemx/CMakeFiles/STM32_Drivers.dir/__/__/Drivers/STM32F4xx_HAL_Driver/Src/stm32f4xx_hal_rcc.c.obj
                0x080024d0                HAL_RCC_GetHCLKFreq
 .text.HAL_RCC_GetPCLK1Freq
                0x080024dc       0x20 cmake/stm32cubemx/CMakeFiles/STM32_Drivers.dir/__/__/Drivers/STM32F4xx_HAL_Driver/Src/stm32f4xx_hal_rcc.c.obj
                0x080024dc                HAL_RCC_GetPCLK1Freq
 .text.HAL_RCC_GetPCLK2Freq
                0x080024fc       0x20 cmake/stm32cubemx/CMakeFiles/STM32_Drivers.dir/__/__/Drivers/STM32F4xx_HAL_Driver/Src/stm32f4xx_hal_rcc.c.obj
                0x080024fc                HAL_RCC_GetPCLK2Freq
 .text.HAL_RCC_GetClockConfig
                0x0800251c       0x3c cmake/stm32cubemx/CMakeFiles/STM32_Drivers.dir/__/__/Drivers/STM32F4xx_HAL_Driver/Src/stm32f4xx_hal_rcc.c.obj
                0x0800251c                HAL_RCC_GetClockConfig
 .text.HAL_GPIO_Init
                0x08002558      0x1b0 cmake/stm32cubemx/CMakeFiles/STM32_Drivers.dir/__/__/Drivers/STM32F4xx_HAL_Driver/Src/stm32f4xx_hal_gpio.c.obj
                0x08002558                HAL_GPIO_Init
 .text.HAL_GPIO_WritePin
                0x08002708        0xa cmake/stm32cubemx/CMakeFiles/STM32_Drivers.dir/__/__/Drivers/STM32F4xx_HAL_Driver/Src/stm32f4xx_hal_gpio.c.obj
                0x08002708                HAL_GPIO_WritePin
 .text.HAL_DMA_Abort
                0x08002712       0x7c cmake/stm32cubemx/CMakeFiles/STM32_Drivers.dir/__/__/Drivers/STM32F4xx_HAL_Driver/Src/stm32f4xx_hal_dma.c.obj
                0x08002712                HAL_DMA_Abort
 .text.HAL_DMA_Abort_IT
                0x0800278e       0x24 cmake/stm32cubemx/CMakeFiles/STM32_Drivers.dir/__/__/Drivers/STM32F4xx_HAL_Driver/Src/stm32f4xx_hal_dma.c.obj
                0x0800278e                HAL_DMA_Abort_IT
 *fill*         0x080027b2        0x2 
 .text.HAL_NVIC_SetPriorityGrouping
                0x080027b4       0x24 cmake/stm32cubemx/CMakeFiles/STM32_Drivers.dir/__/__/Drivers/STM32F4xx_HAL_Driver/Src/stm32f4xx_hal_cortex.c.obj
                0x080027b4                HAL_NVIC_SetPriorityGrouping
 .text.HAL_NVIC_SetPriority
                0x080027d8       0x64 cmake/stm32cubemx/CMakeFiles/STM32_Drivers.dir/__/__/Drivers/STM32F4xx_HAL_Driver/Src/stm32f4xx_hal_cortex.c.obj
                0x080027d8                HAL_NVIC_SetPriority
 .text.HAL_NVIC_EnableIRQ
                0x0800283c       0x1c cmake/stm32cubemx/CMakeFiles/STM32_Drivers.dir/__/__/Drivers/STM32F4xx_HAL_Driver/Src/stm32f4xx_hal_cortex.c.obj
                0x0800283c                HAL_NVIC_EnableIRQ
 .text.HAL_Init
                0x08002858       0x34 cmake/stm32cubemx/CMakeFiles/STM32_Drivers.dir/__/__/Drivers/STM32F4xx_HAL_Driver/Src/stm32f4xx_hal.c.obj
                0x08002858                HAL_Init
 .text.HAL_IncTick
                0x0800288c       0x18 cmake/stm32cubemx/CMakeFiles/STM32_Drivers.dir/__/__/Drivers/STM32F4xx_HAL_Driver/Src/stm32f4xx_hal.c.obj
                0x0800288c                HAL_IncTick
 .text.HAL_GetTick
                0x080028a4        0xc cmake/stm32cubemx/CMakeFiles/STM32_Drivers.dir/__/__/Drivers/STM32F4xx_HAL_Driver/Src/stm32f4xx_hal.c.obj
                0x080028a4                HAL_GetTick
 .text.HAL_Delay
                0x080028b0       0x28 cmake/stm32cubemx/CMakeFiles/STM32_Drivers.dir/__/__/Drivers/STM32F4xx_HAL_Driver/Src/stm32f4xx_hal.c.obj
                0x080028b0                HAL_Delay
 .text.HAL_CAN_Init
                0x080028d8       0xf6 cmake/stm32cubemx/CMakeFiles/STM32_Drivers.dir/__/__/Drivers/STM32F4xx_HAL_Driver/Src/stm32f4xx_hal_can.c.obj
                0x080028d8                HAL_CAN_Init
 *fill*         0x080029ce        0x2 
 .text.HAL_I2C_Init
                0x080029d0      0x150 cmake/stm32cubemx/CMakeFiles/STM32_Drivers.dir/__/__/Drivers/STM32F4xx_HAL_Driver/Src/stm32f4xx_hal_i2c.c.obj
                0x080029d0                HAL_I2C_Init
 .text.HAL_SPI_Init
                0x08002b20       0xb8 cmake/stm32cubemx/CMakeFiles/STM32_Drivers.dir/__/__/Drivers/STM32F4xx_HAL_Driver/Src/stm32f4xx_hal_spi.c.obj
                0x08002b20                HAL_SPI_Init
 .text.HAL_SPI_ErrorCallback
                0x08002bd8        0x2 cmake/stm32cubemx/CMakeFiles/STM32_Drivers.dir/__/__/Drivers/STM32F4xx_HAL_Driver/Src/stm32f4xx_hal_spi.c.obj
                0x08002bd8                HAL_SPI_ErrorCallback
 *fill*         0x08002bda        0x2 
 .text.HAL_SPI_IRQHandler
                0x08002bdc      0x10c cmake/stm32cubemx/CMakeFiles/STM32_Drivers.dir/__/__/Drivers/STM32F4xx_HAL_Driver/Src/stm32f4xx_hal_spi.c.obj
                0x08002bdc                HAL_SPI_IRQHandler
 .text.SPI_DMAAbortOnError
                0x08002ce8       0x10 cmake/stm32cubemx/CMakeFiles/STM32_Drivers.dir/__/__/Drivers/STM32F4xx_HAL_Driver/Src/stm32f4xx_hal_spi.c.obj
 .text.UART_EndRxTransfer
                0x08002cf8       0x5c cmake/stm32cubemx/CMakeFiles/STM32_Drivers.dir/__/__/Drivers/STM32F4xx_HAL_Driver/Src/stm32f4xx_hal_uart.c.obj
 .text.UART_SetConfig
                0x08002d54       0xbc cmake/stm32cubemx/CMakeFiles/STM32_Drivers.dir/__/__/Drivers/STM32F4xx_HAL_Driver/Src/stm32f4xx_hal_uart.c.obj
 .text.HAL_UART_Init
                0x08002e10       0x5e cmake/stm32cubemx/CMakeFiles/STM32_Drivers.dir/__/__/Drivers/STM32F4xx_HAL_Driver/Src/stm32f4xx_hal_uart.c.obj
                0x08002e10                HAL_UART_Init
 .text.HAL_HalfDuplex_Init
                0x08002e6e       0x66 cmake/stm32cubemx/CMakeFiles/STM32_Drivers.dir/__/__/Drivers/STM32F4xx_HAL_Driver/Src/stm32f4xx_hal_uart.c.obj
                0x08002e6e                HAL_HalfDuplex_Init
 .text.HAL_UART_TxCpltCallback
                0x08002ed4        0x2 cmake/stm32cubemx/CMakeFiles/STM32_Drivers.dir/__/__/Drivers/STM32F4xx_HAL_Driver/Src/stm32f4xx_hal_uart.c.obj
                0x08002ed4                HAL_UART_TxCpltCallback
 .text.HAL_UART_RxCpltCallback
                0x08002ed6        0x2 cmake/stm32cubemx/CMakeFiles/STM32_Drivers.dir/__/__/Drivers/STM32F4xx_HAL_Driver/Src/stm32f4xx_hal_uart.c.obj
                0x08002ed6                HAL_UART_RxCpltCallback
 .text.HAL_UART_ErrorCallback
                0x08002ed8        0x2 cmake/stm32cubemx/CMakeFiles/STM32_Drivers.dir/__/__/Drivers/STM32F4xx_HAL_Driver/Src/stm32f4xx_hal_uart.c.obj
                0x08002ed8                HAL_UART_ErrorCallback
 .text.UART_DMAAbortOnError
                0x08002eda        0xe cmake/stm32cubemx/CMakeFiles/STM32_Drivers.dir/__/__/Drivers/STM32F4xx_HAL_Driver/Src/stm32f4xx_hal_uart.c.obj
 .text.HAL_UARTEx_RxEventCallback
                0x08002ee8        0x2 cmake/stm32cubemx/CMakeFiles/STM32_Drivers.dir/__/__/Drivers/STM32F4xx_HAL_Driver/Src/stm32f4xx_hal_uart.c.obj
                0x08002ee8                HAL_UARTEx_RxEventCallback
 .text.UART_Receive_IT.isra.0
                0x08002eea       0xb6 cmake/stm32cubemx/CMakeFiles/STM32_Drivers.dir/__/__/Drivers/STM32F4xx_HAL_Driver/Src/stm32f4xx_hal_uart.c.obj
 .text.HAL_UART_IRQHandler
                0x08002fa0      0x2a0 cmake/stm32cubemx/CMakeFiles/STM32_Drivers.dir/__/__/Drivers/STM32F4xx_HAL_Driver/Src/stm32f4xx_hal_uart.c.obj
                0x08002fa0                HAL_UART_IRQHandler
 .text.USBD_Init
                0x08003240       0x26 cmake/stm32cubemx/CMakeFiles/USB_Device_Library.dir/__/__/Middlewares/ST/STM32_USB_Device_Library/Core/Src/usbd_core.c.obj
                0x08003240                USBD_Init
 .text.USBD_RegisterClass
                0x08003266       0x32 cmake/stm32cubemx/CMakeFiles/USB_Device_Library.dir/__/__/Middlewares/ST/STM32_USB_Device_Library/Core/Src/usbd_core.c.obj
                0x08003266                USBD_RegisterClass
 .text.USBD_Start
                0x08003298        0x4 cmake/stm32cubemx/CMakeFiles/USB_Device_Library.dir/__/__/Middlewares/ST/STM32_USB_Device_Library/Core/Src/usbd_core.c.obj
                0x08003298                USBD_Start
 .text.USBD_SetClassConfig
                0x0800329c        0xe cmake/stm32cubemx/CMakeFiles/USB_Device_Library.dir/__/__/Middlewares/ST/STM32_USB_Device_Library/Core/Src/usbd_core.c.obj
                0x0800329c                USBD_SetClassConfig
 .text.USBD_ClrClassConfig
                0x080032aa       0x12 cmake/stm32cubemx/CMakeFiles/USB_Device_Library.dir/__/__/Middlewares/ST/STM32_USB_Device_Library/Core/Src/usbd_core.c.obj
                0x080032aa                USBD_ClrClassConfig
 .text.USBD_LL_SetupStage
                0x080032bc       0x60 cmake/stm32cubemx/CMakeFiles/USB_Device_Library.dir/__/__/Middlewares/ST/STM32_USB_Device_Library/Core/Src/usbd_core.c.obj
                0x080032bc                USBD_LL_SetupStage
 .text.USBD_LL_DataOutStage
                0x0800331c       0x74 cmake/stm32cubemx/CMakeFiles/USB_Device_Library.dir/__/__/Middlewares/ST/STM32_USB_Device_Library/Core/Src/usbd_core.c.obj
                0x0800331c                USBD_LL_DataOutStage
 .text.USBD_LL_DataInStage
                0x08003390       0xa8 cmake/stm32cubemx/CMakeFiles/USB_Device_Library.dir/__/__/Middlewares/ST/STM32_USB_Device_Library/Core/Src/usbd_core.c.obj
                0x08003390                USBD_LL_DataInStage
 .text.USBD_LL_Reset
                0x08003438       0x60 cmake/stm32cubemx/CMakeFiles/USB_Device_Library.dir/__/__/Middlewares/ST/STM32_USB_Device_Library/Core/Src/usbd_core.c.obj
                0x08003438                USBD_LL_Reset
 .text.USBD_LL_SetSpeed
                0x08003498        0x6 cmake/stm32cubemx/CMakeFiles/USB_Device_Library.dir/__/__/Middlewares/ST/STM32_USB_Device_Library/Core/Src/usbd_core.c.obj
                0x08003498                USBD_LL_SetSpeed
 .text.USBD_LL_Suspend
                0x0800349e       0x1c cmake/stm32cubemx/CMakeFiles/USB_Device_Library.dir/__/__/Middlewares/ST/STM32_USB_Device_Library/Core/Src/usbd_core.c.obj
                0x0800349e                USBD_LL_Suspend
 .text.USBD_LL_Resume
                0x080034ba       0x16 cmake/stm32cubemx/CMakeFiles/USB_Device_Library.dir/__/__/Middlewares/ST/STM32_USB_Device_Library/Core/Src/usbd_core.c.obj
                0x080034ba                USBD_LL_Resume
 .text.USBD_LL_SOF
                0x080034d0       0x1a cmake/stm32cubemx/CMakeFiles/USB_Device_Library.dir/__/__/Middlewares/ST/STM32_USB_Device_Library/Core/Src/usbd_core.c.obj
                0x080034d0                USBD_LL_SOF
 .text.USBD_LL_IsoINIncomplete
                0x080034ea       0x26 cmake/stm32cubemx/CMakeFiles/USB_Device_Library.dir/__/__/Middlewares/ST/STM32_USB_Device_Library/Core/Src/usbd_core.c.obj
                0x080034ea                USBD_LL_IsoINIncomplete
 .text.USBD_LL_IsoOUTIncomplete
                0x08003510       0x26 cmake/stm32cubemx/CMakeFiles/USB_Device_Library.dir/__/__/Middlewares/ST/STM32_USB_Device_Library/Core/Src/usbd_core.c.obj
                0x08003510                USBD_LL_IsoOUTIncomplete
 .text.USBD_LL_DevConnected
                0x08003536        0x4 cmake/stm32cubemx/CMakeFiles/USB_Device_Library.dir/__/__/Middlewares/ST/STM32_USB_Device_Library/Core/Src/usbd_core.c.obj
                0x08003536                USBD_LL_DevConnected
 .text.USBD_LL_DevDisconnected
                0x0800353a       0x20 cmake/stm32cubemx/CMakeFiles/USB_Device_Library.dir/__/__/Middlewares/ST/STM32_USB_Device_Library/Core/Src/usbd_core.c.obj
                0x0800353a                USBD_LL_DevDisconnected
 .text.USBD_CoreFindIF
                0x0800355a        0x4 cmake/stm32cubemx/CMakeFiles/USB_Device_Library.dir/__/__/Middlewares/ST/STM32_USB_Device_Library/Core/Src/usbd_core.c.obj
                0x0800355a                USBD_CoreFindIF
 .text.USBD_CoreFindEP
                0x0800355e        0x4 cmake/stm32cubemx/CMakeFiles/USB_Device_Library.dir/__/__/Middlewares/ST/STM32_USB_Device_Library/Core/Src/usbd_core.c.obj
                0x0800355e                USBD_CoreFindEP
 .text.USBD_GetEpDesc
                0x08003562       0x24 cmake/stm32cubemx/CMakeFiles/USB_Device_Library.dir/__/__/Middlewares/ST/STM32_USB_Device_Library/Core/Src/usbd_core.c.obj
                0x08003562                USBD_GetEpDesc
 .text.USBD_CtlError.constprop.0
                0x08003586       0x16 cmake/stm32cubemx/CMakeFiles/USB_Device_Library.dir/__/__/Middlewares/ST/STM32_USB_Device_Library/Core/Src/usbd_ctlreq.c.obj
 .text.USBD_StdDevReq
                0x0800359c      0x2c8 cmake/stm32cubemx/CMakeFiles/USB_Device_Library.dir/__/__/Middlewares/ST/STM32_USB_Device_Library/Core/Src/usbd_ctlreq.c.obj
                0x0800359c                USBD_StdDevReq
 .text.USBD_StdItfReq
                0x08003864       0x5e cmake/stm32cubemx/CMakeFiles/USB_Device_Library.dir/__/__/Middlewares/ST/STM32_USB_Device_Library/Core/Src/usbd_ctlreq.c.obj
                0x08003864                USBD_StdItfReq
 .text.USBD_StdEPReq
                0x080038c2      0x148 cmake/stm32cubemx/CMakeFiles/USB_Device_Library.dir/__/__/Middlewares/ST/STM32_USB_Device_Library/Core/Src/usbd_ctlreq.c.obj
                0x080038c2                USBD_StdEPReq
 .text.USBD_ParseSetupRequest
                0x08003a0a       0x16 cmake/stm32cubemx/CMakeFiles/USB_Device_Library.dir/__/__/Middlewares/ST/STM32_USB_Device_Library/Core/Src/usbd_ctlreq.c.obj
                0x08003a0a                USBD_ParseSetupRequest
 .text.USBD_CtlError
                0x08003a20       0x16 cmake/stm32cubemx/CMakeFiles/USB_Device_Library.dir/__/__/Middlewares/ST/STM32_USB_Device_Library/Core/Src/usbd_ctlreq.c.obj
                0x08003a20                USBD_CtlError
 .text.USBD_GetString
                0x08003a36       0x38 cmake/stm32cubemx/CMakeFiles/USB_Device_Library.dir/__/__/Middlewares/ST/STM32_USB_Device_Library/Core/Src/usbd_ctlreq.c.obj
                0x08003a36                USBD_GetString
 .text.USBD_CtlSendData
                0x08003a6e       0x1c cmake/stm32cubemx/CMakeFiles/USB_Device_Library.dir/__/__/Middlewares/ST/STM32_USB_Device_Library/Core/Src/usbd_ioreq.c.obj
                0x08003a6e                USBD_CtlSendData
 .text.USBD_CtlContinueSendData
                0x08003a8a       0x10 cmake/stm32cubemx/CMakeFiles/USB_Device_Library.dir/__/__/Middlewares/ST/STM32_USB_Device_Library/Core/Src/usbd_ioreq.c.obj
                0x08003a8a                USBD_CtlContinueSendData
 .text.USBD_CtlPrepareRx
                0x08003a9a       0x22 cmake/stm32cubemx/CMakeFiles/USB_Device_Library.dir/__/__/Middlewares/ST/STM32_USB_Device_Library/Core/Src/usbd_ioreq.c.obj
                0x08003a9a                USBD_CtlPrepareRx
 .text.USBD_CtlContinueRx
                0x08003abc       0x10 cmake/stm32cubemx/CMakeFiles/USB_Device_Library.dir/__/__/Middlewares/ST/STM32_USB_Device_Library/Core/Src/usbd_ioreq.c.obj
                0x08003abc                USBD_CtlContinueRx
 .text.USBD_CtlSendStatus
                0x08003acc       0x16 cmake/stm32cubemx/CMakeFiles/USB_Device_Library.dir/__/__/Middlewares/ST/STM32_USB_Device_Library/Core/Src/usbd_ioreq.c.obj
                0x08003acc                USBD_CtlSendStatus
 .text.USBD_CtlReceiveStatus
                0x08003ae2       0x16 cmake/stm32cubemx/CMakeFiles/USB_Device_Library.dir/__/__/Middlewares/ST/STM32_USB_Device_Library/Core/Src/usbd_ioreq.c.obj
                0x08003ae2                USBD_CtlReceiveStatus
 .text.USBD_CDC_EP0_RxReady
                0x08003af8       0x38 cmake/stm32cubemx/CMakeFiles/USB_Device_Library.dir/__/__/Middlewares/ST/STM32_USB_Device_Library/Class/CDC/Src/usbd_cdc.c.obj
 .text.USBD_CDC_GetDeviceQualifierDescriptor
                0x08003b30        0xc cmake/stm32cubemx/CMakeFiles/USB_Device_Library.dir/__/__/Middlewares/ST/STM32_USB_Device_Library/Class/CDC/Src/usbd_cdc.c.obj
                0x08003b30                USBD_CDC_GetDeviceQualifierDescriptor
 .text.USBD_CDC_GetFSCfgDesc
                0x08003b3c       0x48 cmake/stm32cubemx/CMakeFiles/USB_Device_Library.dir/__/__/Middlewares/ST/STM32_USB_Device_Library/Class/CDC/Src/usbd_cdc.c.obj
 .text.USBD_CDC_GetOtherSpeedCfgDesc
                0x08003b84        0x4 cmake/stm32cubemx/CMakeFiles/USB_Device_Library.dir/__/__/Middlewares/ST/STM32_USB_Device_Library/Class/CDC/Src/usbd_cdc.c.obj
 .text.USBD_CDC_GetHSCfgDesc
                0x08003b88       0x48 cmake/stm32cubemx/CMakeFiles/USB_Device_Library.dir/__/__/Middlewares/ST/STM32_USB_Device_Library/Class/CDC/Src/usbd_cdc.c.obj
 .text.USBD_CDC_DataOut
                0x08003bd0       0x38 cmake/stm32cubemx/CMakeFiles/USB_Device_Library.dir/__/__/Middlewares/ST/STM32_USB_Device_Library/Class/CDC/Src/usbd_cdc.c.obj
 .text.USBD_CDC_DataIn
                0x08003c08       0x64 cmake/stm32cubemx/CMakeFiles/USB_Device_Library.dir/__/__/Middlewares/ST/STM32_USB_Device_Library/Class/CDC/Src/usbd_cdc.c.obj
 .text.USBD_CDC_Setup
                0x08003c6c       0xf0 cmake/stm32cubemx/CMakeFiles/USB_Device_Library.dir/__/__/Middlewares/ST/STM32_USB_Device_Library/Class/CDC/Src/usbd_cdc.c.obj
 .text.USBD_CDC_DeInit
                0x08003d5c       0x60 cmake/stm32cubemx/CMakeFiles/USB_Device_Library.dir/__/__/Middlewares/ST/STM32_USB_Device_Library/Class/CDC/Src/usbd_cdc.c.obj
 .text.USBD_CDC_Init
                0x08003dbc       0xc8 cmake/stm32cubemx/CMakeFiles/USB_Device_Library.dir/__/__/Middlewares/ST/STM32_USB_Device_Library/Class/CDC/Src/usbd_cdc.c.obj
 .text.USBD_CDC_RegisterInterface
                0x08003e84       0x16 cmake/stm32cubemx/CMakeFiles/USB_Device_Library.dir/__/__/Middlewares/ST/STM32_USB_Device_Library/Class/CDC/Src/usbd_cdc.c.obj
                0x08003e84                USBD_CDC_RegisterInterface
 .text.USBD_CDC_SetTxBuffer
                0x08003e9a       0x1c cmake/stm32cubemx/CMakeFiles/USB_Device_Library.dir/__/__/Middlewares/ST/STM32_USB_Device_Library/Class/CDC/Src/usbd_cdc.c.obj
                0x08003e9a                USBD_CDC_SetTxBuffer
 .text.USBD_CDC_SetRxBuffer
                0x08003eb6       0x18 cmake/stm32cubemx/CMakeFiles/USB_Device_Library.dir/__/__/Middlewares/ST/STM32_USB_Device_Library/Class/CDC/Src/usbd_cdc.c.obj
                0x08003eb6                USBD_CDC_SetRxBuffer
 .text.USBD_CDC_TransmitPacket
                0x08003ece       0x36 cmake/stm32cubemx/CMakeFiles/USB_Device_Library.dir/__/__/Middlewares/ST/STM32_USB_Device_Library/Class/CDC/Src/usbd_cdc.c.obj
                0x08003ece                USBD_CDC_TransmitPacket
 .text.USBD_CDC_ReceivePacket
                0x08003f04       0x2c cmake/stm32cubemx/CMakeFiles/USB_Device_Library.dir/__/__/Middlewares/ST/STM32_USB_Device_Library/Class/CDC/Src/usbd_cdc.c.obj
                0x08003f04                USBD_CDC_ReceivePacket
 .text.vListInitialise
                0x08003f30       0x16 cmake/stm32cubemx/CMakeFiles/FreeRTOS.dir/__/__/Middlewares/Third_Party/FreeRTOS/Source/list.c.obj
                0x08003f30                vListInitialise
 .text.vListInitialiseItem
                0x08003f46        0x6 cmake/stm32cubemx/CMakeFiles/FreeRTOS.dir/__/__/Middlewares/Third_Party/FreeRTOS/Source/list.c.obj
                0x08003f46                vListInitialiseItem
 .text.vListInsertEnd
                0x08003f4c       0x16 cmake/stm32cubemx/CMakeFiles/FreeRTOS.dir/__/__/Middlewares/Third_Party/FreeRTOS/Source/list.c.obj
                0x08003f4c                vListInsertEnd
 .text.vListInsert
                0x08003f62       0x2e cmake/stm32cubemx/CMakeFiles/FreeRTOS.dir/__/__/Middlewares/Third_Party/FreeRTOS/Source/list.c.obj
                0x08003f62                vListInsert
 .text.uxListRemove
                0x08003f90       0x20 cmake/stm32cubemx/CMakeFiles/FreeRTOS.dir/__/__/Middlewares/Third_Party/FreeRTOS/Source/list.c.obj
                0x08003f90                uxListRemove
 .text.prvIsQueueEmpty
                0x08003fb0       0x16 cmake/stm32cubemx/CMakeFiles/FreeRTOS.dir/__/__/Middlewares/Third_Party/FreeRTOS/Source/queue.c.obj
 .text.prvCopyDataToQueue
                0x08003fc6       0x66 cmake/stm32cubemx/CMakeFiles/FreeRTOS.dir/__/__/Middlewares/Third_Party/FreeRTOS/Source/queue.c.obj
 .text.prvCopyDataFromQueue
                0x0800402c       0x2c cmake/stm32cubemx/CMakeFiles/FreeRTOS.dir/__/__/Middlewares/Third_Party/FreeRTOS/Source/queue.c.obj
 .text.prvUnlockQueue
                0x08004058       0x6c cmake/stm32cubemx/CMakeFiles/FreeRTOS.dir/__/__/Middlewares/Third_Party/FreeRTOS/Source/queue.c.obj
 .text.xQueueGenericReset
                0x080040c4       0x7e cmake/stm32cubemx/CMakeFiles/FreeRTOS.dir/__/__/Middlewares/Third_Party/FreeRTOS/Source/queue.c.obj
                0x080040c4                xQueueGenericReset
 .text.xQueueGenericCreateStatic
                0x08004142       0x9c cmake/stm32cubemx/CMakeFiles/FreeRTOS.dir/__/__/Middlewares/Third_Party/FreeRTOS/Source/queue.c.obj
                0x08004142                xQueueGenericCreateStatic
 .text.xQueueGenericSend
                0x080041de      0x164 cmake/stm32cubemx/CMakeFiles/FreeRTOS.dir/__/__/Middlewares/Third_Party/FreeRTOS/Source/queue.c.obj
                0x080041de                xQueueGenericSend
 .text.xQueueGenericSendFromISR
                0x08004342       0xba cmake/stm32cubemx/CMakeFiles/FreeRTOS.dir/__/__/Middlewares/Third_Party/FreeRTOS/Source/queue.c.obj
                0x08004342                xQueueGenericSendFromISR
 .text.xQueueReceive
                0x080043fc      0x13c cmake/stm32cubemx/CMakeFiles/FreeRTOS.dir/__/__/Middlewares/Third_Party/FreeRTOS/Source/queue.c.obj
                0x080043fc                xQueueReceive
 .text.vQueueAddToRegistry
                0x08004538       0x24 cmake/stm32cubemx/CMakeFiles/FreeRTOS.dir/__/__/Middlewares/Third_Party/FreeRTOS/Source/queue.c.obj
                0x08004538                vQueueAddToRegistry
 .text.vQueueWaitForMessageRestricted
                0x0800455c       0x46 cmake/stm32cubemx/CMakeFiles/FreeRTOS.dir/__/__/Middlewares/Third_Party/FreeRTOS/Source/queue.c.obj
                0x0800455c                vQueueWaitForMessageRestricted
 .text.prvBytesInBuffer
                0x080045a2       0x12 cmake/stm32cubemx/CMakeFiles/FreeRTOS.dir/__/__/Middlewares/Third_Party/FreeRTOS/Source/stream_buffer.c.obj
 .text.prvReadBytesFromBuffer
                0x080045b4       0x7a cmake/stm32cubemx/CMakeFiles/FreeRTOS.dir/__/__/Middlewares/Third_Party/FreeRTOS/Source/stream_buffer.c.obj
 .text.prvInitialiseNewStreamBuffer
                0x0800462e       0x46 cmake/stm32cubemx/CMakeFiles/FreeRTOS.dir/__/__/Middlewares/Third_Party/FreeRTOS/Source/stream_buffer.c.obj
 .text.prvWriteBytesToBuffer.part.0
                0x08004674       0x72 cmake/stm32cubemx/CMakeFiles/FreeRTOS.dir/__/__/Middlewares/Third_Party/FreeRTOS/Source/stream_buffer.c.obj
 .text.prvWriteMessageToBuffer
                0x080046e6       0x54 cmake/stm32cubemx/CMakeFiles/FreeRTOS.dir/__/__/Middlewares/Third_Party/FreeRTOS/Source/stream_buffer.c.obj
 .text.xStreamBufferGenericCreate
                0x0800473a       0x74 cmake/stm32cubemx/CMakeFiles/FreeRTOS.dir/__/__/Middlewares/Third_Party/FreeRTOS/Source/stream_buffer.c.obj
                0x0800473a                xStreamBufferGenericCreate
 .text.xStreamBufferSpacesAvailable
                0x080047ae       0x28 cmake/stm32cubemx/CMakeFiles/FreeRTOS.dir/__/__/Middlewares/Third_Party/FreeRTOS/Source/stream_buffer.c.obj
                0x080047ae                xStreamBufferSpacesAvailable
 .text.xStreamBufferSend
                0x080047d6      0x10a cmake/stm32cubemx/CMakeFiles/FreeRTOS.dir/__/__/Middlewares/Third_Party/FreeRTOS/Source/stream_buffer.c.obj
                0x080047d6                xStreamBufferSend
 .text.xStreamBufferSendFromISR
                0x080048e0       0x9a cmake/stm32cubemx/CMakeFiles/FreeRTOS.dir/__/__/Middlewares/Third_Party/FreeRTOS/Source/stream_buffer.c.obj
                0x080048e0                xStreamBufferSendFromISR
 .text.xStreamBufferReceive
                0x0800497a       0xfa cmake/stm32cubemx/CMakeFiles/FreeRTOS.dir/__/__/Middlewares/Third_Party/FreeRTOS/Source/stream_buffer.c.obj
                0x0800497a                xStreamBufferReceive
 .text.prvAddNewTaskToReadyList
                0x08004a74      0x100 cmake/stm32cubemx/CMakeFiles/FreeRTOS.dir/__/__/Middlewares/Third_Party/FreeRTOS/Source/tasks.c.obj
 .text.prvAddCurrentTaskToDelayedList
                0x08004b74       0x70 cmake/stm32cubemx/CMakeFiles/FreeRTOS.dir/__/__/Middlewares/Third_Party/FreeRTOS/Source/tasks.c.obj
 .text.prvResetNextTaskUnblockTime
                0x08004be4       0x24 cmake/stm32cubemx/CMakeFiles/FreeRTOS.dir/__/__/Middlewares/Third_Party/FreeRTOS/Source/tasks.c.obj
 .text.prvDeleteTCB
                0x08004c08       0x36 cmake/stm32cubemx/CMakeFiles/FreeRTOS.dir/__/__/Middlewares/Third_Party/FreeRTOS/Source/tasks.c.obj
 *fill*         0x08004c3e        0x2 
 .text.prvIdleTask
                0x08004c40       0x60 cmake/stm32cubemx/CMakeFiles/FreeRTOS.dir/__/__/Middlewares/Third_Party/FreeRTOS/Source/tasks.c.obj
 .text.prvInitialiseNewTask.constprop.0
                0x08004ca0       0x96 cmake/stm32cubemx/CMakeFiles/FreeRTOS.dir/__/__/Middlewares/Third_Party/FreeRTOS/Source/tasks.c.obj
 .text.xTaskCreateStatic
                0x08004d36       0x70 cmake/stm32cubemx/CMakeFiles/FreeRTOS.dir/__/__/Middlewares/Third_Party/FreeRTOS/Source/tasks.c.obj
                0x08004d36                xTaskCreateStatic
 .text.xTaskCreate
                0x08004da6       0x5c cmake/stm32cubemx/CMakeFiles/FreeRTOS.dir/__/__/Middlewares/Third_Party/FreeRTOS/Source/tasks.c.obj
                0x08004da6                xTaskCreate
 *fill*         0x08004e02        0x2 
 .text.vTaskStartScheduler
                0x08004e04       0x8c cmake/stm32cubemx/CMakeFiles/FreeRTOS.dir/__/__/Middlewares/Third_Party/FreeRTOS/Source/tasks.c.obj
                0x08004e04                vTaskStartScheduler
 .text.vTaskSuspendAll
                0x08004e90       0x10 cmake/stm32cubemx/CMakeFiles/FreeRTOS.dir/__/__/Middlewares/Third_Party/FreeRTOS/Source/tasks.c.obj
                0x08004e90                vTaskSuspendAll
 .text.xTaskGetTickCount
                0x08004ea0        0xc cmake/stm32cubemx/CMakeFiles/FreeRTOS.dir/__/__/Middlewares/Third_Party/FreeRTOS/Source/tasks.c.obj
                0x08004ea0                xTaskGetTickCount
 .text.xTaskIncrementTick
                0x08004eac      0x12c cmake/stm32cubemx/CMakeFiles/FreeRTOS.dir/__/__/Middlewares/Third_Party/FreeRTOS/Source/tasks.c.obj
                0x08004eac                xTaskIncrementTick
 .text.xTaskResumeAll
                0x08004fd8       0xe8 cmake/stm32cubemx/CMakeFiles/FreeRTOS.dir/__/__/Middlewares/Third_Party/FreeRTOS/Source/tasks.c.obj
                0x08004fd8                xTaskResumeAll
 .text.vTaskDelay
                0x080050c0       0x48 cmake/stm32cubemx/CMakeFiles/FreeRTOS.dir/__/__/Middlewares/Third_Party/FreeRTOS/Source/tasks.c.obj
                0x080050c0                vTaskDelay
 .text.vTaskSwitchContext
                0x08005108       0x74 cmake/stm32cubemx/CMakeFiles/FreeRTOS.dir/__/__/Middlewares/Third_Party/FreeRTOS/Source/tasks.c.obj
                0x08005108                vTaskSwitchContext
 .text.vTaskPlaceOnEventList
                0x0800517c       0x34 cmake/stm32cubemx/CMakeFiles/FreeRTOS.dir/__/__/Middlewares/Third_Party/FreeRTOS/Source/tasks.c.obj
                0x0800517c                vTaskPlaceOnEventList
 .text.vTaskPlaceOnEventListRestricted
                0x080051b0       0x3c cmake/stm32cubemx/CMakeFiles/FreeRTOS.dir/__/__/Middlewares/Third_Party/FreeRTOS/Source/tasks.c.obj
                0x080051b0                vTaskPlaceOnEventListRestricted
 .text.xTaskRemoveFromEventList
                0x080051ec       0x80 cmake/stm32cubemx/CMakeFiles/FreeRTOS.dir/__/__/Middlewares/Third_Party/FreeRTOS/Source/tasks.c.obj
                0x080051ec                xTaskRemoveFromEventList
 .text.vTaskSetTimeOutState
                0x0800526c       0x38 cmake/stm32cubemx/CMakeFiles/FreeRTOS.dir/__/__/Middlewares/Third_Party/FreeRTOS/Source/tasks.c.obj
                0x0800526c                vTaskSetTimeOutState
 .text.vTaskInternalSetTimeOutState
                0x080052a4       0x18 cmake/stm32cubemx/CMakeFiles/FreeRTOS.dir/__/__/Middlewares/Third_Party/FreeRTOS/Source/tasks.c.obj
                0x080052a4                vTaskInternalSetTimeOutState
 .text.xTaskCheckForTimeOut
                0x080052bc       0x78 cmake/stm32cubemx/CMakeFiles/FreeRTOS.dir/__/__/Middlewares/Third_Party/FreeRTOS/Source/tasks.c.obj
                0x080052bc                xTaskCheckForTimeOut
 .text.vTaskMissedYield
                0x08005334        0xc cmake/stm32cubemx/CMakeFiles/FreeRTOS.dir/__/__/Middlewares/Third_Party/FreeRTOS/Source/tasks.c.obj
                0x08005334                vTaskMissedYield
 .text.xTaskGetCurrentTaskHandle
                0x08005340        0xc cmake/stm32cubemx/CMakeFiles/FreeRTOS.dir/__/__/Middlewares/Third_Party/FreeRTOS/Source/tasks.c.obj
                0x08005340                xTaskGetCurrentTaskHandle
 .text.xTaskGetSchedulerState
                0x0800534c       0x20 cmake/stm32cubemx/CMakeFiles/FreeRTOS.dir/__/__/Middlewares/Third_Party/FreeRTOS/Source/tasks.c.obj
                0x0800534c                xTaskGetSchedulerState
 .text.xTaskPriorityDisinherit
                0x0800536c       0x84 cmake/stm32cubemx/CMakeFiles/FreeRTOS.dir/__/__/Middlewares/Third_Party/FreeRTOS/Source/tasks.c.obj
                0x0800536c                xTaskPriorityDisinherit
 .text.xTaskNotifyWait
                0x080053f0       0x8c cmake/stm32cubemx/CMakeFiles/FreeRTOS.dir/__/__/Middlewares/Third_Party/FreeRTOS/Source/tasks.c.obj
                0x080053f0                xTaskNotifyWait
 .text.xTaskGenericNotify
                0x0800547c       0xe4 cmake/stm32cubemx/CMakeFiles/FreeRTOS.dir/__/__/Middlewares/Third_Party/FreeRTOS/Source/tasks.c.obj
                0x0800547c                xTaskGenericNotify
 .text.xTaskGenericNotifyFromISR
                0x08005560      0x114 cmake/stm32cubemx/CMakeFiles/FreeRTOS.dir/__/__/Middlewares/Third_Party/FreeRTOS/Source/tasks.c.obj
                0x08005560                xTaskGenericNotifyFromISR
 .text.xTaskNotifyStateClear
                0x08005674       0x2c cmake/stm32cubemx/CMakeFiles/FreeRTOS.dir/__/__/Middlewares/Third_Party/FreeRTOS/Source/tasks.c.obj
                0x08005674                xTaskNotifyStateClear
 .text.prvInsertTimerInActiveList
                0x080056a0       0x3c cmake/stm32cubemx/CMakeFiles/FreeRTOS.dir/__/__/Middlewares/Third_Party/FreeRTOS/Source/timers.c.obj
 .text.prvCheckForValidListAndQueue
                0x080056dc       0x68 cmake/stm32cubemx/CMakeFiles/FreeRTOS.dir/__/__/Middlewares/Third_Party/FreeRTOS/Source/timers.c.obj
 .text.xTimerCreateTimerTask
                0x08005744       0x64 cmake/stm32cubemx/CMakeFiles/FreeRTOS.dir/__/__/Middlewares/Third_Party/FreeRTOS/Source/timers.c.obj
                0x08005744                xTimerCreateTimerTask
 .text.xTimerGenericCommand
                0x080057a8       0x58 cmake/stm32cubemx/CMakeFiles/FreeRTOS.dir/__/__/Middlewares/Third_Party/FreeRTOS/Source/timers.c.obj
                0x080057a8                xTimerGenericCommand
 .text.prvSampleTimeNow
                0x08005800       0xa4 cmake/stm32cubemx/CMakeFiles/FreeRTOS.dir/__/__/Middlewares/Third_Party/FreeRTOS/Source/timers.c.obj
 .text.prvTimerTask
                0x080058a4      0x1cc cmake/stm32cubemx/CMakeFiles/FreeRTOS.dir/__/__/Middlewares/Third_Party/FreeRTOS/Source/timers.c.obj
 .text.SysTick_Handler
                0x08005a70       0x1a cmake/stm32cubemx/CMakeFiles/FreeRTOS.dir/__/__/Middlewares/Third_Party/FreeRTOS/Source/CMSIS_RTOS_V2/cmsis_os2.c.obj
                0x08005a70                SysTick_Handler
 *fill*         0x08005a8a        0x2 
 .text.osKernelInitialize
                0x08005a8c       0x24 cmake/stm32cubemx/CMakeFiles/FreeRTOS.dir/__/__/Middlewares/Third_Party/FreeRTOS/Source/CMSIS_RTOS_V2/cmsis_os2.c.obj
                0x08005a8c                osKernelInitialize
 .text.osKernelStart
                0x08005ab0       0x34 cmake/stm32cubemx/CMakeFiles/FreeRTOS.dir/__/__/Middlewares/Third_Party/FreeRTOS/Source/CMSIS_RTOS_V2/cmsis_os2.c.obj
                0x08005ab0                osKernelStart
 .text.osThreadNew
                0x08005ae4       0x8e cmake/stm32cubemx/CMakeFiles/FreeRTOS.dir/__/__/Middlewares/Third_Party/FreeRTOS/Source/CMSIS_RTOS_V2/cmsis_os2.c.obj
                0x08005ae4                osThreadNew
 .text.osDelay  0x08005b72       0x18 cmake/stm32cubemx/CMakeFiles/FreeRTOS.dir/__/__/Middlewares/Third_Party/FreeRTOS/Source/CMSIS_RTOS_V2/cmsis_os2.c.obj
                0x08005b72                osDelay
 *fill*         0x08005b8a        0x2 
 .text.vApplicationGetIdleTaskMemory
                0x08005b8c       0x18 cmake/stm32cubemx/CMakeFiles/FreeRTOS.dir/__/__/Middlewares/Third_Party/FreeRTOS/Source/CMSIS_RTOS_V2/cmsis_os2.c.obj
                0x08005b8c                vApplicationGetIdleTaskMemory
 .text.vApplicationGetTimerTaskMemory
                0x08005ba4       0x18 cmake/stm32cubemx/CMakeFiles/FreeRTOS.dir/__/__/Middlewares/Third_Party/FreeRTOS/Source/CMSIS_RTOS_V2/cmsis_os2.c.obj
                0x08005ba4                vApplicationGetTimerTaskMemory
 .text.prvInsertBlockIntoFreeList
                0x08005bbc       0x4c cmake/stm32cubemx/CMakeFiles/FreeRTOS.dir/__/__/Middlewares/Third_Party/FreeRTOS/Source/portable/MemMang/heap_4.c.obj
 .text.pvPortMalloc
                0x08005c08      0x130 cmake/stm32cubemx/CMakeFiles/FreeRTOS.dir/__/__/Middlewares/Third_Party/FreeRTOS/Source/portable/MemMang/heap_4.c.obj
                0x08005c08                pvPortMalloc
 .text.vPortFree
                0x08005d38       0x7c cmake/stm32cubemx/CMakeFiles/FreeRTOS.dir/__/__/Middlewares/Third_Party/FreeRTOS/Source/portable/MemMang/heap_4.c.obj
                0x08005d38                vPortFree
 .text.prvPortStartFirstTask
                0x08005db4       0x28 cmake/stm32cubemx/CMakeFiles/FreeRTOS.dir/__/__/Middlewares/Third_Party/FreeRTOS/Source/portable/GCC/ARM_CM4F/port.c.obj
 .text.vPortEnableVFP
                0x08005ddc       0x14 cmake/stm32cubemx/CMakeFiles/FreeRTOS.dir/__/__/Middlewares/Third_Party/FreeRTOS/Source/portable/GCC/ARM_CM4F/port.c.obj
 .text.prvTaskExitError
                0x08005df0       0x40 cmake/stm32cubemx/CMakeFiles/FreeRTOS.dir/__/__/Middlewares/Third_Party/FreeRTOS/Source/portable/GCC/ARM_CM4F/port.c.obj
 .text.pxPortInitialiseStack
                0x08005e30       0x2c cmake/stm32cubemx/CMakeFiles/FreeRTOS.dir/__/__/Middlewares/Third_Party/FreeRTOS/Source/portable/GCC/ARM_CM4F/port.c.obj
                0x08005e30                pxPortInitialiseStack
 *fill*         0x08005e5c        0x4 
 .text.SVC_Handler
                0x08005e60       0x24 cmake/stm32cubemx/CMakeFiles/FreeRTOS.dir/__/__/Middlewares/Third_Party/FreeRTOS/Source/portable/GCC/ARM_CM4F/port.c.obj
                0x08005e60                SVC_Handler
 .text.vPortEnterCritical
                0x08005e84       0x40 cmake/stm32cubemx/CMakeFiles/FreeRTOS.dir/__/__/Middlewares/Third_Party/FreeRTOS/Source/portable/GCC/ARM_CM4F/port.c.obj
                0x08005e84                vPortEnterCritical
 .text.vPortExitCritical
                0x08005ec4       0x28 cmake/stm32cubemx/CMakeFiles/FreeRTOS.dir/__/__/Middlewares/Third_Party/FreeRTOS/Source/portable/GCC/ARM_CM4F/port.c.obj
                0x08005ec4                vPortExitCritical
 *fill*         0x08005eec        0x4 
 .text.PendSV_Handler
                0x08005ef0       0x64 cmake/stm32cubemx/CMakeFiles/FreeRTOS.dir/__/__/Middlewares/Third_Party/FreeRTOS/Source/portable/GCC/ARM_CM4F/port.c.obj
                0x08005ef0                PendSV_Handler
 .text.xPortSysTickHandler
                0x08005f54       0x2c cmake/stm32cubemx/CMakeFiles/FreeRTOS.dir/__/__/Middlewares/Third_Party/FreeRTOS/Source/portable/GCC/ARM_CM4F/port.c.obj
                0x08005f54                xPortSysTickHandler
 .text.vPortSetupTimerInterrupt
                0x08005f80       0x24 cmake/stm32cubemx/CMakeFiles/FreeRTOS.dir/__/__/Middlewares/Third_Party/FreeRTOS/Source/portable/GCC/ARM_CM4F/port.c.obj
                0x08005f80                vPortSetupTimerInterrupt
 .text.xPortStartScheduler
                0x08005fa4      0x104 cmake/stm32cubemx/CMakeFiles/FreeRTOS.dir/__/__/Middlewares/Third_Party/FreeRTOS/Source/portable/GCC/ARM_CM4F/port.c.obj
                0x08005fa4                xPortStartScheduler
 .text.vPortValidateInterruptPriority
                0x080060a8       0x5c cmake/stm32cubemx/CMakeFiles/FreeRTOS.dir/__/__/Middlewares/Third_Party/FreeRTOS/Source/portable/GCC/ARM_CM4F/port.c.obj
                0x080060a8                vPortValidateInterruptPriority
 .text.HAL_PCD_MspInit
                0x08006104       0x84 CMakeFiles/MM_control.dir/USB_DEVICE/Target/usbd_conf.c.obj
                0x08006104                HAL_PCD_MspInit
 .text.HAL_PCD_SetupStageCallback
                0x08006188        0xc CMakeFiles/MM_control.dir/USB_DEVICE/Target/usbd_conf.c.obj
                0x08006188                HAL_PCD_SetupStageCallback
 .text.HAL_PCD_DataOutStageCallback
                0x08006194       0x12 CMakeFiles/MM_control.dir/USB_DEVICE/Target/usbd_conf.c.obj
                0x08006194                HAL_PCD_DataOutStageCallback
 .text.HAL_PCD_DataInStageCallback
                0x080061a6       0x10 CMakeFiles/MM_control.dir/USB_DEVICE/Target/usbd_conf.c.obj
                0x080061a6                HAL_PCD_DataInStageCallback
 .text.HAL_PCD_SOFCallback
                0x080061b6        0x8 CMakeFiles/MM_control.dir/USB_DEVICE/Target/usbd_conf.c.obj
                0x080061b6                HAL_PCD_SOFCallback
 .text.HAL_PCD_ResetCallback
                0x080061be       0x26 CMakeFiles/MM_control.dir/USB_DEVICE/Target/usbd_conf.c.obj
                0x080061be                HAL_PCD_ResetCallback
 .text.HAL_PCD_SuspendCallback
                0x080061e4       0x30 CMakeFiles/MM_control.dir/USB_DEVICE/Target/usbd_conf.c.obj
                0x080061e4                HAL_PCD_SuspendCallback
 .text.HAL_PCD_ResumeCallback
                0x08006214        0x8 CMakeFiles/MM_control.dir/USB_DEVICE/Target/usbd_conf.c.obj
                0x08006214                HAL_PCD_ResumeCallback
 .text.HAL_PCD_ISOOUTIncompleteCallback
                0x0800621c        0x8 CMakeFiles/MM_control.dir/USB_DEVICE/Target/usbd_conf.c.obj
                0x0800621c                HAL_PCD_ISOOUTIncompleteCallback
 .text.HAL_PCD_ISOINIncompleteCallback
                0x08006224        0x8 CMakeFiles/MM_control.dir/USB_DEVICE/Target/usbd_conf.c.obj
                0x08006224                HAL_PCD_ISOINIncompleteCallback
 .text.HAL_PCD_ConnectCallback
                0x0800622c        0x8 CMakeFiles/MM_control.dir/USB_DEVICE/Target/usbd_conf.c.obj
                0x0800622c                HAL_PCD_ConnectCallback
 .text.HAL_PCD_DisconnectCallback
                0x08006234        0x8 CMakeFiles/MM_control.dir/USB_DEVICE/Target/usbd_conf.c.obj
                0x08006234                HAL_PCD_DisconnectCallback
 .text.USBD_LL_Init
                0x0800623c       0x5c CMakeFiles/MM_control.dir/USB_DEVICE/Target/usbd_conf.c.obj
                0x0800623c                USBD_LL_Init
 .text.USBD_LL_IsStallEP
                0x08006298       0x24 CMakeFiles/MM_control.dir/USB_DEVICE/Target/usbd_conf.c.obj
                0x08006298                USBD_LL_IsStallEP
 .text.USBD_LL_GetRxDataSize
                0x080062bc        0x8 CMakeFiles/MM_control.dir/USB_DEVICE/Target/usbd_conf.c.obj
                0x080062bc                USBD_LL_GetRxDataSize
 .text.USBD_static_malloc
                0x080062c4        0x8 CMakeFiles/MM_control.dir/USB_DEVICE/Target/usbd_conf.c.obj
                0x080062c4                USBD_static_malloc
 .text.USBD_static_free
                0x080062cc        0x2 CMakeFiles/MM_control.dir/USB_DEVICE/Target/usbd_conf.c.obj
                0x080062cc                USBD_static_free
 .text.USBD_Get_USB_Status
                0x080062ce        0xc CMakeFiles/MM_control.dir/USB_DEVICE/Target/usbd_conf.c.obj
                0x080062ce                USBD_Get_USB_Status
 .text.USBD_LL_Start
                0x080062da       0x12 CMakeFiles/MM_control.dir/USB_DEVICE/Target/usbd_conf.c.obj
                0x080062da                USBD_LL_Start
 .text.USBD_LL_OpenEP
                0x080062ec       0x18 CMakeFiles/MM_control.dir/USB_DEVICE/Target/usbd_conf.c.obj
                0x080062ec                USBD_LL_OpenEP
 .text.USBD_LL_CloseEP
                0x08006304       0x12 CMakeFiles/MM_control.dir/USB_DEVICE/Target/usbd_conf.c.obj
                0x08006304                USBD_LL_CloseEP
 .text.USBD_LL_StallEP
                0x08006316       0x12 CMakeFiles/MM_control.dir/USB_DEVICE/Target/usbd_conf.c.obj
                0x08006316                USBD_LL_StallEP
 .text.USBD_LL_ClearStallEP
                0x08006328       0x12 CMakeFiles/MM_control.dir/USB_DEVICE/Target/usbd_conf.c.obj
                0x08006328                USBD_LL_ClearStallEP
 .text.USBD_LL_SetUSBAddress
                0x0800633a       0x12 CMakeFiles/MM_control.dir/USB_DEVICE/Target/usbd_conf.c.obj
                0x0800633a                USBD_LL_SetUSBAddress
 .text.USBD_LL_Transmit
                0x0800634c       0x12 CMakeFiles/MM_control.dir/USB_DEVICE/Target/usbd_conf.c.obj
                0x0800634c                USBD_LL_Transmit
 .text.USBD_LL_PrepareReceive
                0x0800635e       0x12 CMakeFiles/MM_control.dir/USB_DEVICE/Target/usbd_conf.c.obj
                0x0800635e                USBD_LL_PrepareReceive
 .text.MX_USB_DEVICE_Init
                0x08006370       0x50 CMakeFiles/MM_control.dir/USB_DEVICE/App/usb_device.c.obj
                0x08006370                MX_USB_DEVICE_Init
 .text.USBD_FS_DeviceDescriptor
                0x080063c0        0xc CMakeFiles/MM_control.dir/USB_DEVICE/App/usbd_desc.c.obj
                0x080063c0                USBD_FS_DeviceDescriptor
 .text.USBD_FS_LangIDStrDescriptor
                0x080063cc        0xc CMakeFiles/MM_control.dir/USB_DEVICE/App/usbd_desc.c.obj
                0x080063cc                USBD_FS_LangIDStrDescriptor
 .text.IntToUnicode
                0x080063d8       0x2a CMakeFiles/MM_control.dir/USB_DEVICE/App/usbd_desc.c.obj
 *fill*         0x08006402        0x2 
 .text.USBD_FS_SerialStrDescriptor
                0x08006404       0x3c CMakeFiles/MM_control.dir/USB_DEVICE/App/usbd_desc.c.obj
                0x08006404                USBD_FS_SerialStrDescriptor
 .text.USBD_FS_ManufacturerStrDescriptor
                0x08006440       0x1c CMakeFiles/MM_control.dir/USB_DEVICE/App/usbd_desc.c.obj
                0x08006440                USBD_FS_ManufacturerStrDescriptor
 .text.USBD_FS_ProductStrDescriptor
                0x0800645c       0x1c CMakeFiles/MM_control.dir/USB_DEVICE/App/usbd_desc.c.obj
                0x0800645c                USBD_FS_ProductStrDescriptor
 .text.USBD_FS_ConfigStrDescriptor
                0x08006478       0x1c CMakeFiles/MM_control.dir/USB_DEVICE/App/usbd_desc.c.obj
                0x08006478                USBD_FS_ConfigStrDescriptor
 .text.USBD_FS_InterfaceStrDescriptor
                0x08006494       0x1c CMakeFiles/MM_control.dir/USB_DEVICE/App/usbd_desc.c.obj
                0x08006494                USBD_FS_InterfaceStrDescriptor
 .text.CDC_DeInit_FS
                0x080064b0        0x4 CMakeFiles/MM_control.dir/USB_DEVICE/App/usbd_cdc_if.c.obj
 .text.CDC_Control_FS
                0x080064b4        0x4 CMakeFiles/MM_control.dir/USB_DEVICE/App/usbd_cdc_if.c.obj
 .text.CDC_TransmitCplt_FS
                0x080064b8        0x4 CMakeFiles/MM_control.dir/USB_DEVICE/App/usbd_cdc_if.c.obj
 .text.CDC_Init_FS
                0x080064bc       0x28 CMakeFiles/MM_control.dir/USB_DEVICE/App/usbd_cdc_if.c.obj
 .text.CDC_Receive_FS
                0x080064e4       0x4c CMakeFiles/MM_control.dir/USB_DEVICE/App/usbd_cdc_if.c.obj
 .text.CDC_Transmit_FS
                0x08006530       0x2c CMakeFiles/MM_control.dir/USB_DEVICE/App/usbd_cdc_if.c.obj
                0x08006530                CDC_Transmit_FS
 .text.SystemClock_Config
                0x0800655c       0xa4 CMakeFiles/MM_control.dir/Core/Src/main.c.obj
                0x0800655c                SystemClock_Config
 .text.startup.main
                0x08006600       0x44 CMakeFiles/MM_control.dir/Core/Src/main.c.obj
                0x08006600                main
 .text.HAL_TIM_PeriodElapsedCallback
                0x08006644       0x14 CMakeFiles/MM_control.dir/Core/Src/main.c.obj
                0x08006644                HAL_TIM_PeriodElapsedCallback
 .text.Error_Handler
                0x08006658        0x4 CMakeFiles/MM_control.dir/Core/Src/main.c.obj
                0x08006658                Error_Handler
 .text.MX_GPIO_Init
                0x0800665c      0x13c CMakeFiles/MM_control.dir/Core/Src/gpio.c.obj
                0x0800665c                MX_GPIO_Init
 .text.StartDefaultTask
                0x08006798       0x12 CMakeFiles/MM_control.dir/Core/Src/freertos.c.obj
                0x08006798                StartDefaultTask
 *fill*         0x080067aa        0x2 
 .text.MX_FREERTOS_Init
                0x080067ac       0x20 CMakeFiles/MM_control.dir/Core/Src/freertos.c.obj
                0x080067ac                MX_FREERTOS_Init
 .text.MX_CAN1_Init
                0x080067cc       0x34 CMakeFiles/MM_control.dir/Core/Src/can.c.obj
                0x080067cc                MX_CAN1_Init
 .text.HAL_CAN_MspInit
                0x08006800       0x68 CMakeFiles/MM_control.dir/Core/Src/can.c.obj
                0x08006800                HAL_CAN_MspInit
 .text.MX_I2C1_Init
                0x08006868       0x3c CMakeFiles/MM_control.dir/Core/Src/i2c.c.obj
                0x08006868                MX_I2C1_Init
 .text.HAL_I2C_MspInit
                0x080068a4       0x6c CMakeFiles/MM_control.dir/Core/Src/i2c.c.obj
                0x080068a4                HAL_I2C_MspInit
 .text.MX_SPI1_Init
                0x08006910       0x44 CMakeFiles/MM_control.dir/Core/Src/spi.c.obj
                0x08006910                MX_SPI1_Init
 .text.MX_SPI3_Init
                0x08006954       0x44 CMakeFiles/MM_control.dir/Core/Src/spi.c.obj
                0x08006954                MX_SPI3_Init
 .text.HAL_SPI_MspInit
                0x08006998       0xe0 CMakeFiles/MM_control.dir/Core/Src/spi.c.obj
                0x08006998                HAL_SPI_MspInit
 .text.HAL_TIM_PWM_MspInit
                0x08006a78       0xe0 CMakeFiles/MM_control.dir/Core/Src/tim.c.obj
                0x08006a78                HAL_TIM_PWM_MspInit
 .text.HAL_TIM_MspPostInit
                0x08006b58       0xf8 CMakeFiles/MM_control.dir/Core/Src/tim.c.obj
                0x08006b58                HAL_TIM_MspPostInit
 .text.MX_TIM1_Init
                0x08006c50       0xd8 CMakeFiles/MM_control.dir/Core/Src/tim.c.obj
                0x08006c50                MX_TIM1_Init
 .text.MX_TIM3_Init
                0x08006d28       0xa4 CMakeFiles/MM_control.dir/Core/Src/tim.c.obj
                0x08006d28                MX_TIM3_Init
 .text.MX_TIM4_Init
                0x08006dcc       0xa4 CMakeFiles/MM_control.dir/Core/Src/tim.c.obj
                0x08006dcc                MX_TIM4_Init
 .text.MX_TIM9_Init
                0x08006e70       0x5c CMakeFiles/MM_control.dir/Core/Src/tim.c.obj
                0x08006e70                MX_TIM9_Init
 .text.MX_USART1_UART_Init
                0x08006ecc       0x38 CMakeFiles/MM_control.dir/Core/Src/usart.c.obj
                0x08006ecc                MX_USART1_UART_Init
 .text.MX_USART2_UART_Init
                0x08006f04       0x38 CMakeFiles/MM_control.dir/Core/Src/usart.c.obj
                0x08006f04                MX_USART2_UART_Init
 .text.HAL_UART_MspInit
                0x08006f3c       0xe4 CMakeFiles/MM_control.dir/Core/Src/usart.c.obj
                0x08006f3c                HAL_UART_MspInit
 .text.NMI_Handler
                0x08007020        0x2 CMakeFiles/MM_control.dir/Core/Src/stm32f4xx_it.c.obj
                0x08007020                NMI_Handler
 .text.HardFault_Handler
                0x08007022        0x2 CMakeFiles/MM_control.dir/Core/Src/stm32f4xx_it.c.obj
                0x08007022                HardFault_Handler
 .text.MemManage_Handler
                0x08007024        0x2 CMakeFiles/MM_control.dir/Core/Src/stm32f4xx_it.c.obj
                0x08007024                MemManage_Handler
 .text.BusFault_Handler
                0x08007026        0x2 CMakeFiles/MM_control.dir/Core/Src/stm32f4xx_it.c.obj
                0x08007026                BusFault_Handler
 .text.UsageFault_Handler
                0x08007028        0x2 CMakeFiles/MM_control.dir/Core/Src/stm32f4xx_it.c.obj
                0x08007028                UsageFault_Handler
 .text.DebugMon_Handler
                0x0800702a        0x2 CMakeFiles/MM_control.dir/Core/Src/stm32f4xx_it.c.obj
                0x0800702a                DebugMon_Handler
 .text.TIM1_BRK_TIM9_IRQHandler
                0x0800702c       0x1c CMakeFiles/MM_control.dir/Core/Src/stm32f4xx_it.c.obj
                0x0800702c                TIM1_BRK_TIM9_IRQHandler
 .text.TIM1_UP_TIM10_IRQHandler
                0x08007048        0xc CMakeFiles/MM_control.dir/Core/Src/stm32f4xx_it.c.obj
                0x08007048                TIM1_UP_TIM10_IRQHandler
 .text.TIM3_IRQHandler
                0x08007054        0xc CMakeFiles/MM_control.dir/Core/Src/stm32f4xx_it.c.obj
                0x08007054                TIM3_IRQHandler
 .text.TIM4_IRQHandler
                0x08007060        0xc CMakeFiles/MM_control.dir/Core/Src/stm32f4xx_it.c.obj
                0x08007060                TIM4_IRQHandler
 .text.SPI1_IRQHandler
                0x0800706c        0xc CMakeFiles/MM_control.dir/Core/Src/stm32f4xx_it.c.obj
                0x0800706c                SPI1_IRQHandler
 .text.USART1_IRQHandler
                0x08007078        0xc CMakeFiles/MM_control.dir/Core/Src/stm32f4xx_it.c.obj
                0x08007078                USART1_IRQHandler
 .text.USART2_IRQHandler
                0x08007084        0xc CMakeFiles/MM_control.dir/Core/Src/stm32f4xx_it.c.obj
                0x08007084                USART2_IRQHandler
 .text.TIM8_TRG_COM_TIM14_IRQHandler
                0x08007090        0xc CMakeFiles/MM_control.dir/Core/Src/stm32f4xx_it.c.obj
                0x08007090                TIM8_TRG_COM_TIM14_IRQHandler
 .text.SPI3_IRQHandler
                0x0800709c        0xc CMakeFiles/MM_control.dir/Core/Src/stm32f4xx_it.c.obj
                0x0800709c                SPI3_IRQHandler
 .text.OTG_FS_IRQHandler
                0x080070a8        0xc CMakeFiles/MM_control.dir/Core/Src/stm32f4xx_it.c.obj
                0x080070a8                OTG_FS_IRQHandler
 .text.HAL_MspInit
                0x080070b4       0x40 CMakeFiles/MM_control.dir/Core/Src/stm32f4xx_hal_msp.c.obj
                0x080070b4                HAL_MspInit
 .text.HAL_InitTick
                0x080070f4       0xa0 CMakeFiles/MM_control.dir/Core/Src/stm32f4xx_hal_timebase_tim.c.obj
                0x080070f4                HAL_InitTick
 .text.Reset_Handler
                0x08007194       0x50 CMakeFiles/MM_control.dir/startup_stm32f407xx.s.obj
                0x08007194                Reset_Handler
 .text.Default_Handler
                0x080071e4        0x2 CMakeFiles/MM_control.dir/startup_stm32f407xx.s.obj
                0x080071e4                RTC_Alarm_IRQHandler
                0x080071e4                HASH_RNG_IRQHandler
                0x080071e4                EXTI2_IRQHandler
                0x080071e4                TIM8_CC_IRQHandler
                0x080071e4                TIM1_CC_IRQHandler
                0x080071e4                DMA2_Stream5_IRQHandler
                0x080071e4                DMA1_Stream5_IRQHandler
                0x080071e4                PVD_IRQHandler
                0x080071e4                SDIO_IRQHandler
                0x080071e4                TAMP_STAMP_IRQHandler
                0x080071e4                CAN2_RX1_IRQHandler
                0x080071e4                EXTI3_IRQHandler
                0x080071e4                TIM8_UP_TIM13_IRQHandler
                0x080071e4                I2C3_ER_IRQHandler
                0x080071e4                EXTI0_IRQHandler
                0x080071e4                I2C2_EV_IRQHandler
                0x080071e4                DMA1_Stream2_IRQHandler
                0x080071e4                CAN1_RX0_IRQHandler
                0x080071e4                FPU_IRQHandler
                0x080071e4                OTG_HS_WKUP_IRQHandler
                0x080071e4                CAN2_SCE_IRQHandler
                0x080071e4                DMA2_Stream2_IRQHandler
                0x080071e4                TIM6_DAC_IRQHandler
                0x080071e4                DCMI_IRQHandler
                0x080071e4                CAN2_RX0_IRQHandler
                0x080071e4                DMA2_Stream3_IRQHandler
                0x080071e4                USART6_IRQHandler
                0x080071e4                USART3_IRQHandler
                0x080071e4                CAN1_RX1_IRQHandler
                0x080071e4                UART5_IRQHandler
                0x080071e4                DMA2_Stream0_IRQHandler
                0x080071e4                I2C1_EV_IRQHandler
                0x080071e4                DMA1_Stream6_IRQHandler
                0x080071e4                DMA1_Stream1_IRQHandler
                0x080071e4                UART4_IRQHandler
                0x080071e4                RCC_IRQHandler
                0x080071e4                TIM8_BRK_TIM12_IRQHandler
                0x080071e4                Default_Handler
                0x080071e4                EXTI15_10_IRQHandler
                0x080071e4                ADC_IRQHandler
                0x080071e4                DMA1_Stream7_IRQHandler
                0x080071e4                TIM7_IRQHandler
                0x080071e4                CAN2_TX_IRQHandler
                0x080071e4                TIM5_IRQHandler
                0x080071e4                DMA2_Stream7_IRQHandler
                0x080071e4                I2C3_EV_IRQHandler
                0x080071e4                EXTI9_5_IRQHandler
                0x080071e4                RTC_WKUP_IRQHandler
                0x080071e4                ETH_WKUP_IRQHandler
                0x080071e4                SPI2_IRQHandler
                0x080071e4                OTG_HS_EP1_IN_IRQHandler
                0x080071e4                DMA1_Stream0_IRQHandler
                0x080071e4                CAN1_TX_IRQHandler
                0x080071e4                EXTI4_IRQHandler
                0x080071e4                FSMC_IRQHandler
                0x080071e4                ETH_IRQHandler
                0x080071e4                OTG_HS_EP1_OUT_IRQHandler
                0x080071e4                WWDG_IRQHandler
                0x080071e4                TIM2_IRQHandler
                0x080071e4                OTG_FS_WKUP_IRQHandler
                0x080071e4                TIM1_TRG_COM_TIM11_IRQHandler
                0x080071e4                OTG_HS_IRQHandler
                0x080071e4                EXTI1_IRQHandler
                0x080071e4                I2C2_ER_IRQHandler
                0x080071e4                DMA2_Stream1_IRQHandler
                0x080071e4                CAN1_SCE_IRQHandler
                0x080071e4                FLASH_IRQHandler
                0x080071e4                DMA2_Stream4_IRQHandler
                0x080071e4                DMA1_Stream4_IRQHandler
                0x080071e4                I2C1_ER_IRQHandler
                0x080071e4                DMA2_Stream6_IRQHandler
                0x080071e4                DMA1_Stream3_IRQHandler
 *fill*         0x080071e6        0x2 
 .text.TxSenderTask
                0x080071e8       0x50 CMakeFiles/MM_control.dir/Core/Src/cdc_proto.c.obj
 .text.cdc_encode
                0x08007238       0x88 CMakeFiles/MM_control.dir/Core/Src/cdc_proto.c.obj
                0x08007238                cdc_encode
 .text.cdc_decode
                0x080072c0       0x90 CMakeFiles/MM_control.dir/Core/Src/cdc_proto.c.obj
                0x080072c0                cdc_decode
 .text.cdc_send
                0x08007350       0x38 CMakeFiles/MM_control.dir/Core/Src/cdc_proto.c.obj
                0x08007350                cdc_send
 .text.cdc_send_ack
                0x08007388       0x48 CMakeFiles/MM_control.dir/Core/Src/cdc_proto.c.obj
                0x08007388                cdc_send_ack
 .text.CommsTask
                0x080073d0      0x248 CMakeFiles/MM_control.dir/Core/Src/cdc_proto.c.obj
 .text.cdc_proto_init
                0x08007618       0xf8 CMakeFiles/MM_control.dir/Core/Src/cdc_proto.c.obj
                0x08007618                cdc_proto_init
 .text.__udivmoddi4
                0x08007710      0x2a0 C:/msys64/mingw64/bin/../lib/gcc/arm-none-eabi/13.3.0/thumb/v7e-m+fp/hard\libgcc.a(_udivmoddi4.o)
                0x08007710                __udivmoddi4
 *(.glue_7)
 .glue_7        0x080079b0        0x0 linker stubs
 *(.glue_7t)
 .glue_7t       0x080079b0        0x0 linker stubs
 *(.eh_frame)
 .eh_frame      0x080079b0        0x0 C:/msys64/mingw64/bin/../lib/gcc/arm-none-eabi/13.3.0/thumb/v7e-m+fp/hard/crtbegin.o
 *(.init)
 .init          0x080079b0        0x4 C:/msys64/mingw64/bin/../lib/gcc/arm-none-eabi/13.3.0/thumb/v7e-m+fp/hard/crti.o
                0x080079b0                _init
 .init          0x080079b4        0x8 C:/msys64/mingw64/bin/../lib/gcc/arm-none-eabi/13.3.0/thumb/v7e-m+fp/hard/crtn.o
 *(.fini)
 .fini          0x080079bc        0x4 C:/msys64/mingw64/bin/../lib/gcc/arm-none-eabi/13.3.0/thumb/v7e-m+fp/hard/crti.o
                0x080079bc                _fini
 .fini          0x080079c0        0x8 C:/msys64/mingw64/bin/../lib/gcc/arm-none-eabi/13.3.0/thumb/v7e-m+fp/hard/crtn.o
                0x080079c8                        . = ALIGN (0x4)
                0x080079c8                        _etext = .

.vfp11_veneer   0x080079c8        0x0
 .vfp11_veneer  0x080079c8        0x0 linker stubs

.v4_bx          0x080079c8        0x0
 .v4_bx         0x080079c8        0x0 linker stubs

.iplt           0x080079c8        0x0
 .iplt          0x080079c8        0x0 C:/msys64/mingw64/bin/../lib/gcc/arm-none-eabi/13.3.0/thumb/v7e-m+fp/hard/crtbegin.o

.rodata         0x080079c8      0x2f4
                0x080079c8                        . = ALIGN (0x4)
 *(.rodata)
 *(.rodata*)
 .rodata.APBPrescTable
                0x080079c8        0x8 cmake/stm32cubemx/CMakeFiles/STM32_Drivers.dir/__/__/Core/Src/system_stm32f4xx.c.obj
                0x080079c8                APBPrescTable
 .rodata.AHBPrescTable
                0x080079d0       0x10 cmake/stm32cubemx/CMakeFiles/STM32_Drivers.dir/__/__/Core/Src/system_stm32f4xx.c.obj
                0x080079d0                AHBPrescTable
 .rodata.vTaskStartScheduler.str1.1
                0x080079e0       0x6d cmake/stm32cubemx/CMakeFiles/FreeRTOS.dir/__/__/Middlewares/Third_Party/FreeRTOS/Source/tasks.c.obj
                                  0x5 (size before relaxing)
 .rodata.prvCheckForValidListAndQueue.str1.1
                0x08007a4d        0x0 cmake/stm32cubemx/CMakeFiles/FreeRTOS.dir/__/__/Middlewares/Third_Party/FreeRTOS/Source/timers.c.obj
                                  0x5 (size before relaxing)
 .rodata.xTimerCreateTimerTask.str1.1
                0x08007a4d        0x0 cmake/stm32cubemx/CMakeFiles/FreeRTOS.dir/__/__/Middlewares/Third_Party/FreeRTOS/Source/timers.c.obj
                                  0x8 (size before relaxing)
 .rodata.USBD_FS_ManufacturerStrDescriptor.str1.1
                0x08007a4d        0x0 CMakeFiles/MM_control.dir/USB_DEVICE/App/usbd_desc.c.obj
                                 0x13 (size before relaxing)
 .rodata.USBD_FS_ProductStrDescriptor.str1.1
                0x08007a4d        0x0 CMakeFiles/MM_control.dir/USB_DEVICE/App/usbd_desc.c.obj
                                 0x16 (size before relaxing)
 .rodata.USBD_FS_ConfigStrDescriptor.str1.1
                0x08007a4d        0x0 CMakeFiles/MM_control.dir/USB_DEVICE/App/usbd_desc.c.obj
                                  0xb (size before relaxing)
 .rodata.USBD_FS_InterfaceStrDescriptor.str1.1
                0x08007a4d        0x0 CMakeFiles/MM_control.dir/USB_DEVICE/App/usbd_desc.c.obj
                                  0xe (size before relaxing)
 .rodata.str1.1
                0x08007a4d        0x0 CMakeFiles/MM_control.dir/Core/Src/freertos.c.obj
                                  0x6 (size before relaxing)
 *fill*         0x08007a4d        0x3 
 .rodata.Task1_attributes
                0x08007a50       0x24 CMakeFiles/MM_control.dir/Core/Src/freertos.c.obj
                0x08007a50                Task1_attributes
 .rodata.str1.1
                0x08007a74        0x0 CMakeFiles/MM_control.dir/Core/Src/cdc_proto.c.obj
                                 0x13 (size before relaxing)
 .rodata.tx_attr.1
                0x08007a74       0x24 CMakeFiles/MM_control.dir/Core/Src/cdc_proto.c.obj
 .rodata.comms_attr.2
                0x08007a98       0x24 CMakeFiles/MM_control.dir/Core/Src/cdc_proto.c.obj
 .rodata.crc16_table
                0x08007abc      0x200 CMakeFiles/MM_control.dir/Core/Src/cdc_proto.c.obj
                0x08007cbc                        . = ALIGN (0x4)

.ARM.extab      0x08007cbc        0x0
                0x08007cbc                        . = ALIGN (0x4)
 *(.ARM.extab* .gnu.linkonce.armextab.*)
                0x08007cbc                        . = ALIGN (0x4)

.ARM            0x08007cbc        0x8
                0x08007cbc                        . = ALIGN (0x4)
                0x08007cbc                        __exidx_start = .
 *(.ARM.exidx*)
 .ARM.exidx     0x08007cbc        0x8 C:/msys64/mingw64/bin/../lib/gcc/arm-none-eabi/13.3.0/../../../../arm-none-eabi/lib/thumb/v7e-m+fp/hard\libg_nano.a(libc_a-memcpy.o)
 .ARM.exidx     0x08007cc4        0x0 C:/msys64/mingw64/bin/../lib/gcc/arm-none-eabi/13.3.0/../../../../arm-none-eabi/lib/thumb/v7e-m+fp/hard\libg_nano.a(libc_a-strlen.o)
                                  0x8 (size before relaxing)
 .ARM.exidx.text.__udivmoddi4
                0x08007cc4        0x0 C:/msys64/mingw64/bin/../lib/gcc/arm-none-eabi/13.3.0/thumb/v7e-m+fp/hard\libgcc.a(_udivmoddi4.o)
                                  0x8 (size before relaxing)
                0x08007cc4                        __exidx_end = .
                0x08007cc4                        . = ALIGN (0x4)

.preinit_array  0x08007cc4        0x0
                0x08007cc4                        . = ALIGN (0x4)
                0x08007cc4                        PROVIDE (__preinit_array_start = .)
 *(.preinit_array*)
                0x08007cc4                        PROVIDE (__preinit_array_end = .)
                0x08007cc4                        . = ALIGN (0x4)

.init_array     0x08007cc4        0x4
                0x08007cc4                        . = ALIGN (0x4)
                0x08007cc4                        PROVIDE (__init_array_start = .)
 *(SORT_BY_NAME(.init_array.*))
 *(.init_array*)
 .init_array    0x08007cc4        0x4 C:/msys64/mingw64/bin/../lib/gcc/arm-none-eabi/13.3.0/thumb/v7e-m+fp/hard/crtbegin.o
                0x08007cc8                        PROVIDE (__init_array_end = .)
                0x08007cc8                        . = ALIGN (0x4)

.fini_array     0x08007cc8        0x4
                0x08007cc8                        . = ALIGN (0x4)
                0x08007cc8                        PROVIDE (__fini_array_start = .)
 *(SORT_BY_NAME(.fini_array.*))
 *(.fini_array*)
 .fini_array    0x08007cc8        0x4 C:/msys64/mingw64/bin/../lib/gcc/arm-none-eabi/13.3.0/thumb/v7e-m+fp/hard/crtbegin.o
                0x08007ccc                        PROVIDE (__fini_array_end = .)
                0x08007ccc                        . = ALIGN (0x4)
                0x08007ccc                        _siccmram = LOADADDR (.ccmram)

.rel.dyn        0x08007ccc        0x0
 .rel.iplt      0x08007ccc        0x0 C:/msys64/mingw64/bin/../lib/gcc/arm-none-eabi/13.3.0/thumb/v7e-m+fp/hard/crtbegin.o

.ccmram         0x10000000        0x0 load address 0x08007ccc
                0x10000000                        . = ALIGN (0x4)
                0x10000000                        _sccmram = .
 *(.ccmram)
 *(.ccmram*)
                0x10000000                        . = ALIGN (0x4)
                0x10000000                        _eccmram = .
                0x08007ccc                        _sidata = LOADADDR (.data)

.data           0x20000000       0xfc load address 0x08007ccc
                0x20000000                        . = ALIGN (0x4)
                0x20000000                        _sdata = .
 *(.data)
 *(.data*)
 .data.SystemCoreClock
                0x20000000        0x4 cmake/stm32cubemx/CMakeFiles/STM32_Drivers.dir/__/__/Core/Src/system_stm32f4xx.c.obj
                0x20000000                SystemCoreClock
 .data.uwTickFreq
                0x20000004        0x1 cmake/stm32cubemx/CMakeFiles/STM32_Drivers.dir/__/__/Drivers/STM32F4xx_HAL_Driver/Src/stm32f4xx_hal.c.obj
                0x20000004                uwTickFreq
 *fill*         0x20000005        0x3 
 .data.uwTickPrio
                0x20000008        0x4 cmake/stm32cubemx/CMakeFiles/STM32_Drivers.dir/__/__/Drivers/STM32F4xx_HAL_Driver/Src/stm32f4xx_hal.c.obj
                0x20000008                uwTickPrio
 .data.USBD_CDC_CfgDesc
                0x2000000c       0x43 cmake/stm32cubemx/CMakeFiles/USB_Device_Library.dir/__/__/Middlewares/ST/STM32_USB_Device_Library/Class/CDC/Src/usbd_cdc.c.obj
 *fill*         0x2000004f        0x1 
 .data.USBD_CDC
                0x20000050       0x38 cmake/stm32cubemx/CMakeFiles/USB_Device_Library.dir/__/__/Middlewares/ST/STM32_USB_Device_Library/Class/CDC/Src/usbd_cdc.c.obj
                0x20000050                USBD_CDC
 .data.USBD_CDC_DeviceQualifierDesc
                0x20000088        0xa cmake/stm32cubemx/CMakeFiles/USB_Device_Library.dir/__/__/Middlewares/ST/STM32_USB_Device_Library/Class/CDC/Src/usbd_cdc.c.obj
 *fill*         0x20000092        0x2 
 .data.uxCriticalNesting
                0x20000094        0x4 cmake/stm32cubemx/CMakeFiles/FreeRTOS.dir/__/__/Middlewares/Third_Party/FreeRTOS/Source/portable/GCC/ARM_CM4F/port.c.obj
 .data.USBD_StringSerial
                0x20000098       0x1a CMakeFiles/MM_control.dir/USB_DEVICE/App/usbd_desc.c.obj
                0x20000098                USBD_StringSerial
 *fill*         0x200000b2        0x2 
 .data.USBD_LangIDDesc
                0x200000b4        0x4 CMakeFiles/MM_control.dir/USB_DEVICE/App/usbd_desc.c.obj
                0x200000b4                USBD_LangIDDesc
 .data.USBD_FS_DeviceDesc
                0x200000b8       0x12 CMakeFiles/MM_control.dir/USB_DEVICE/App/usbd_desc.c.obj
                0x200000b8                USBD_FS_DeviceDesc
 *fill*         0x200000ca        0x2 
 .data.FS_Desc  0x200000cc       0x1c CMakeFiles/MM_control.dir/USB_DEVICE/App/usbd_desc.c.obj
                0x200000cc                FS_Desc
 .data.USBD_Interface_fops_FS
                0x200000e8       0x14 CMakeFiles/MM_control.dir/USB_DEVICE/App/usbd_cdc_if.c.obj
                0x200000e8                USBD_Interface_fops_FS
 *(.RamFunc)
 *(.RamFunc*)
                0x200000fc                        . = ALIGN (0x4)

.igot.plt       0x200000fc        0x0 load address 0x08007dc8
 .igot.plt      0x200000fc        0x0 C:/msys64/mingw64/bin/../lib/gcc/arm-none-eabi/13.3.0/thumb/v7e-m+fp/hard/crtbegin.o

.tdata          0x200000fc        0x0 load address 0x08007dc8
 *(.tdata .tdata.* .gnu.linkonce.td.*)
                0x200000fc                        . = ALIGN (0x4)
                0x200000fc                        _edata = .
                [!provide]                        PROVIDE (__data_end = .)
                [!provide]                        PROVIDE (__tdata_end = .)
                [!provide]                        PROVIDE (__tdata_start = ADDR (.tdata))
                [!provide]                        PROVIDE (__tdata_size = (__tdata_end - __tdata_start))
                [!provide]                        PROVIDE (__data_start = ADDR (.data))
                [!provide]                        PROVIDE (__data_size = (__data_end - __data_start))
                [!provide]                        PROVIDE (__tdata_source = LOADADDR (.tdata))
                [!provide]                        PROVIDE (__tdata_source_end = (LOADADDR (.tdata) + SIZEOF (.tdata)))
                [!provide]                        PROVIDE (__tdata_source_size = (__tdata_source_end - __tdata_source))
                [!provide]                        PROVIDE (__data_source = LOADADDR (.data))
                [!provide]                        PROVIDE (__data_source_end = __tdata_source_end)
                [!provide]                        PROVIDE (__data_source_size = (__data_source_end - __data_source))

.tbss           0x200000fc        0x0 load address 0x08007dc8
                0x200000fc                        _sbss = .
                0x200000fc                        __bss_start__ = _sbss
 *(.tbss .tbss.*)