D:/MM_Control/firmware/USB_DEVICE/App/usbd_cdc_if.c:168:15:CDC_DeInit_FS	0	static
D:/MM_Control/firmware/USB_DEVICE/App/usbd_cdc_if.c:182:15:CDC_Control_FS	0	static
D:/MM_Control/firmware/USB_DEVICE/App/usbd_cdc_if.c:315:15:CDC_TransmitCplt_FS	0	static
D:/MM_Control/firmware/USB_DEVICE/App/usbd_cdc_if.c:154:15:CDC_Init_FS	8	static
D:/MM_Control/firmware/USB_DEVICE/App/usbd_cdc_if.c:263:15:CDC_Receive_FS	16	static
D:/MM_Control/firmware/USB_DEVICE/App/usbd_cdc_if.c:289:9:CDC_Transmit_FS	8	static
