D:/MM_Control/firmware/Core/Src/stm32f4xx_it.c:79:6:NMI_Handler	4	static
D:/MM_Control/firmware/Core/Src/stm32f4xx_it.c:94:6:HardFault_Handler	4	static
D:/MM_Control/firmware/Core/Src/stm32f4xx_it.c:109:6:MemManage_Handler	4	static
D:/MM_Control/firmware/Core/Src/stm32f4xx_it.c:124:6:BusFault_Handler	4	static
D:/MM_Control/firmware/Core/Src/stm32f4xx_it.c:139:6:UsageFault_Handler	4	static
D:/MM_Control/firmware/Core/Src/stm32f4xx_it.c:154:6:DebugMon_Handler	4	static
D:/MM_Control/firmware/Core/Src/stm32f4xx_it.c:174:6:TIM1_BRK_TIM9_IRQHandler	8	static
D:/MM_Control/firmware/Core/Src/stm32f4xx_it.c:189:6:TIM1_UP_TIM10_IRQHandler	8	static
D:/MM_Control/firmware/Core/Src/stm32f4xx_it.c:203:6:TIM3_IRQHandler	8	static
D:/MM_Control/firmware/Core/Src/stm32f4xx_it.c:217:6:TIM4_IRQHandler	8	static
D:/MM_Control/firmware/Core/Src/stm32f4xx_it.c:231:6:SPI1_IRQHandler	8	static
D:/MM_Control/firmware/Core/Src/stm32f4xx_it.c:245:6:USART1_IRQHandler	8	static
D:/MM_Control/firmware/Core/Src/stm32f4xx_it.c:259:6:USART2_IRQHandler	8	static
D:/MM_Control/firmware/Core/Src/stm32f4xx_it.c:273:6:TIM8_TRG_COM_TIM14_IRQHandler	8	static
D:/MM_Control/firmware/Core/Src/stm32f4xx_it.c:287:6:SPI3_IRQHandler	8	static
D:/MM_Control/firmware/Core/Src/stm32f4xx_it.c:301:6:OTG_FS_IRQHandler	8	static
